<html>
<body>
<pre>
<h1>µVision Build Log</h1>
<h2>Tool Versions:</h2>
IDE-Version: µVision V5.28.0.0
Copyright (C) 2019 ARM Ltd and ARM Germany GmbH. All rights reserved.
License Information: tran minh, ptit, LIC=UJWSB-2KLNM-QDJKD-8X1YT-0TQ5Y-9B3VD
 
Tool Versions:
Toolchain:       MDK-ARM Plus  Version: 5.28.0.0
Toolchain Path:  C:\Keil_v5\ARM\ARMCC\Bin
C Compiler:      Armcc.exe V5.06 update 6 (build 750)
Assembler:       Armasm.exe V5.06 update 6 (build 750)
Linker/Locator:  ArmLink.exe V5.06 update 6 (build 750)
Library Manager: ArmAr.exe V5.06 update 6 (build 750)
Hex Converter:   FromElf.exe V5.06 update 6 (build 750)
CPU DLL:         SARMCM3.DLL V5.28.0.0
Dialog DLL:      DCM.DLL V1.17.3.0
Target DLL:      STLink\ST-LINKIII-KEIL_SWO.dll V3.0.6.0
Dialog DLL:      TCM.DLL V1.36.2.0
 
<h2>Project:</h2>
C:\Users\minht\Downloads\GPIO+EXTI+USART+check\GPIO+EXTI+USART+check\GPIO+EXTI+USART\GPIO+EXTI+USART\GPIO.uvprojx
Project File Date:  08/16/2024

<h2>Output:</h2>
*** Using Compiler 'V5.06 update 6 (build 750)', folder: 'C:\Keil_v5\ARM\ARMCC\Bin'
Build target 'Target 1'
compiling application_task.c...
Source\application_task.h(11): warning:  #1-D: last line of file ends without a newline
  void neoway_task_subsribe(void* pvParameters);
Source\atc_e25.h(73): warning:  #1-D: last line of file ends without a newline
  void neoway_pub(uint8_t retained, uint8_t qos, char* topicname, char* message);
Source\application_task.c: 2 warnings, 0 errors
linking...
Program Size: Code=12892 RO-data=336 RW-data=152 ZI-data=12888  
FromELF: creating hex file...
".\Objects\GPIO.axf" - 0 Error(s), 2 Warning(s).

<h2>Software Packages used:</h2>

Package Vendor: ARM
                http://www.keil.com/pack/ARM.CMSIS.5.5.1.pack
                ARM.CMSIS.5.5.1
                CMSIS (Cortex Microcontroller Software Interface Standard)
   * Component: CORE Version: 5.2.0

Package Vendor: GigaDevice
                http://gd32mcu.com/data/documents/pack/GigaDevice.GD32F30x_DFP.2.0.0.pack
                GigaDevice.GD32F30x_DFP.2.0.0
                GigaDevice GD32F30x Series Device Support and Examples
   * Component: EXTI Version: 1.0.2
   * Component: GPIO Version: 1.0.2
   * Component: MISC Version: 1.0.2
   * Component: PMU Version: 1.0.2
   * Component: RCU Version: 1.0.2
   * Component: TIMER Version: 1.0.2
   * Component: USART Version: 1.0.2
   * Component: GD32F30x_libopt Version: 1.0.2
   * Component: Startup Version: 1.0.2

<h2>Collection of Component include folders:</h2>
  .\RTE\_Target_1
  C:\Users\Admin\AppData\Local\Arm\Packs\ARM\CMSIS\5.5.1\CMSIS\Core\Include
  C:\Users\Admin\AppData\Local\Arm\Packs\GigaDevice\GD32F30x_DFP\2.0.0\Device\Firmware\Peripherals\inc
  C:\Users\Admin\AppData\Local\Arm\Packs\GigaDevice\GD32F30x_DFP\2.0.0\Device\Include
  C:\Users\Admin\AppData\Local\Arm\Packs\GigaDevice\GD32F30x_DFP\2.0.0\Device\Template

<h2>Collection of Component Files used:</h2>

   * Component: ARM::CMSIS:CORE:5.2.0

   * Component: GigaDevice::Device:GD32F30x_StdPeripherals:EXTI:1.0.2
      Source file:   Device\Firmware\Peripherals\src\gd32f30x_exti.c
      Include file:  Device\Firmware\Peripherals\inc\gd32f30x_exti.h

   * Component: GigaDevice::Device:GD32F30x_StdPeripherals:GPIO:1.0.2
      Source file:   Device\Firmware\Peripherals\src\gd32f30x_gpio.c
      Include file:  Device\Firmware\Peripherals\inc\gd32f30x_gpio.h

   * Component: GigaDevice::Device:GD32F30x_StdPeripherals:MISC:1.0.2
      Source file:   Device\Firmware\Peripherals\src\gd32f30x_misc.c
      Include file:  Device\Firmware\Peripherals\inc\gd32f30x_misc.h

   * Component: GigaDevice::Device:GD32F30x_StdPeripherals:PMU:1.0.2
      Include file:  Device\Firmware\Peripherals\inc\gd32f30x_pmu.h
      Source file:   Device\Firmware\Peripherals\src\gd32f30x_pmu.c

   * Component: GigaDevice::Device:GD32F30x_StdPeripherals:RCU:1.0.2
      Source file:   Device\Firmware\Peripherals\src\gd32f30x_rcu.c
      Include file:  Device\Firmware\Peripherals\inc\gd32f30x_rcu.h

   * Component: GigaDevice::Device:GD32F30x_StdPeripherals:TIMER:1.0.2
      Source file:   Device\Firmware\Peripherals\src\gd32f30x_timer.c
      Include file:  Device\Firmware\Peripherals\inc\gd32f30x_timer.h

   * Component: GigaDevice::Device:GD32F30x_StdPeripherals:USART:1.0.2
      Include file:  Device\Firmware\Peripherals\inc\gd32f30x_usart.h
      Source file:   Device\Firmware\Peripherals\src\gd32f30x_usart.c

   * Component: GigaDevice::Device:GD32F30x_libopt:1.0.2
      Include file:  Device\Template\gd32f30x_libopt.h

   * Component: GigaDevice::Device:Startup:1.0.2
      Source file:   Device\Source\ARM\startup_gd32f30x_hd.s
      Include file:  Device\Include\gd32f30x.h
      Source file:   Device\Source\system_gd32f30x.c
Build Time Elapsed:  00:00:00
</pre>
</body>
</html>
