Component: ARM Compiler 5.06 update 6 (build 750) Tool: armlink [4d35ed]

==============================================================================

Section Cross References

    main.o(i.HardWareInit) refers to systick.o(i.systick_config) for systick_config
    main.o(i.HardWareInit) refers to atc_e25.o(i.atc25_led_init) for atc25_led_init
    main.o(i.main) refers to main.o(i.HardWareInit) for HardWareInit
    main.o(i.main) refers to tasks.o(i.xTaskCreate) for xTaskCreate
    main.o(i.main) refers to tasks.o(i.vTaskStartScheduler) for vTaskStartScheduler
    main.o(i.main) refers to application_task.o(i.led_task_welcome) for led_task_welcome
    main.o(i.main) refers to application_task.o(i.neoway_task_init) for neoway_task_init
    main.o(i.main) refers to application_task.o(i.btn_task) for btn_task
    main.o(i.main) refers to application_task.o(i.led_task_alarm) for led_task_alarm
    main.o(i.vApplicationTickHook) refers to main.o(.data) for tickhook_cnt
    atc_e25.o(i.UART3_IRQHandler) refers to gd32f30x_usart.o(i.usart_interrupt_flag_get) for usart_interrupt_flag_get
    atc_e25.o(i.UART3_IRQHandler) refers to gd32f30x_usart.o(i.usart_data_receive) for usart_data_receive
    atc_e25.o(i.UART3_IRQHandler) refers to gd32f30x_usart.o(i.usart_interrupt_flag_clear) for usart_interrupt_flag_clear
    atc_e25.o(i.UART3_IRQHandler) refers to atc_e25.o(.data) for rcv_index
    atc_e25.o(i.UART3_IRQHandler) refers to atc_e25.o(.bss) for received_data
    atc_e25.o(i.atc25_btn1_init) refers to gd32f30x_rcu.o(i.rcu_periph_clock_enable) for rcu_periph_clock_enable
    atc_e25.o(i.atc25_btn1_init) refers to gd32f30x_gpio.o(i.gpio_init) for gpio_init
    atc_e25.o(i.atc25_btn1_init) refers to gd32f30x_misc.o(i.nvic_irq_enable) for nvic_irq_enable
    atc_e25.o(i.atc25_btn1_init) refers to gd32f30x_gpio.o(i.gpio_exti_source_select) for gpio_exti_source_select
    atc_e25.o(i.atc25_btn1_init) refers to gd32f30x_exti.o(i.exti_init) for exti_init
    atc_e25.o(i.atc25_btn1_init) refers to gd32f30x_exti.o(i.exti_interrupt_flag_clear) for exti_interrupt_flag_clear
    atc_e25.o(i.atc25_btn2_init) refers to gd32f30x_rcu.o(i.rcu_periph_clock_enable) for rcu_periph_clock_enable
    atc_e25.o(i.atc25_btn2_init) refers to gd32f30x_gpio.o(i.gpio_init) for gpio_init
    atc_e25.o(i.atc25_btn2_init) refers to gd32f30x_misc.o(i.nvic_irq_enable) for nvic_irq_enable
    atc_e25.o(i.atc25_btn2_init) refers to gd32f30x_gpio.o(i.gpio_exti_source_select) for gpio_exti_source_select
    atc_e25.o(i.atc25_btn2_init) refers to gd32f30x_exti.o(i.exti_init) for exti_init
    atc_e25.o(i.atc25_btn2_init) refers to gd32f30x_exti.o(i.exti_interrupt_flag_clear) for exti_interrupt_flag_clear
    atc_e25.o(i.atc25_check_string) refers to strstr.o(.text) for strstr
    atc_e25.o(i.atc25_check_string) refers to atc_e25.o(.data) for check
    atc_e25.o(i.atc25_check_string) refers to atc_e25.o(.bss) for received_data2
    atc_e25.o(i.atc25_led_flash) refers to atc_e25.o(i.atc25_led_off) for atc25_led_off
    atc_e25.o(i.atc25_led_flash) refers to atc_e25.o(i.atc25_led_on) for atc25_led_on
    atc_e25.o(i.atc25_led_flash) refers to tasks.o(i.vTaskDelay) for vTaskDelay
    atc_e25.o(i.atc25_led_init) refers to gd32f30x_rcu.o(i.rcu_periph_clock_enable) for rcu_periph_clock_enable
    atc_e25.o(i.atc25_led_init) refers to gd32f30x_gpio.o(i.gpio_init) for gpio_init
    atc_e25.o(i.atc25_led_init) refers to gd32f30x_gpio.o(i.gpio_bit_set) for gpio_bit_set
    atc_e25.o(i.atc25_led_off) refers to gd32f30x_gpio.o(i.gpio_bit_set) for gpio_bit_set
    atc_e25.o(i.atc25_led_on) refers to gd32f30x_gpio.o(i.gpio_bit_reset) for gpio_bit_reset
    atc_e25.o(i.atc25_led_running) refers to atc_e25.o(i.atc25_led_on) for atc25_led_on
    atc_e25.o(i.atc25_led_running) refers to tasks.o(i.vTaskDelay) for vTaskDelay
    atc_e25.o(i.atc25_led_running) refers to atc_e25.o(i.atc25_led_off) for atc25_led_off
    atc_e25.o(i.neoway_connect) refers to _printf_percent.o(.ARM.Collect$$_printf_percent$$00000000) for _printf_percent
    atc_e25.o(i.neoway_connect) refers to _printf_d.o(.ARM.Collect$$_printf_percent$$00000009) for _printf_d
    atc_e25.o(i.neoway_connect) refers to _printf_s.o(.ARM.Collect$$_printf_percent$$00000014) for _printf_s
    atc_e25.o(i.neoway_connect) refers to _printf_dec.o(.text) for _printf_int_dec
    atc_e25.o(i.neoway_connect) refers to _printf_str.o(.text) for _printf_str
    atc_e25.o(i.neoway_connect) refers to noretval__2sprintf.o(.text) for __2sprintf
    atc_e25.o(i.neoway_connect) refers to atc_e25.o(i.usart_string_transmit) for usart_string_transmit
    atc_e25.o(i.neoway_init) refers to atc_e25.o(i.usart_string_transmit) for usart_string_transmit
    atc_e25.o(i.neoway_init) refers to tasks.o(i.vTaskDelay) for vTaskDelay
    atc_e25.o(i.neoway_init) refers to atc_e25.o(i.atc25_check_string) for atc25_check_string
    atc_e25.o(i.neoway_init) refers to atc_e25.o(i.atc25_led_flash) for atc25_led_flash
[...]
    RTE\Device\GD32F303RC\gd32f30x_timer.c   0x00000000   Number         0  gd32f30x_timer.o ABSOLUTE
    RTE\Device\GD32F303RC\gd32f30x_usart.c   0x00000000   Number         0  gd32f30x_usart.o ABSOLUTE
    RTE\Device\GD32F303RC\startup_gd32f30x_hd.s 0x00000000   Number         0  startup_gd32f30x_hd.o ABSOLUTE
    RTE\Device\GD32F303RC\system_gd32f30x.c  0x00000000   Number         0  system_gd32f30x.o ABSOLUTE
    RTE\\Device\\GD32F303RC\\gd32f30x_exti.c 0x00000000   Number         0  gd32f30x_exti.o ABSOLUTE
    RTE\\Device\\GD32F303RC\\gd32f30x_gpio.c 0x00000000   Number         0  gd32f30x_gpio.o ABSOLUTE
    RTE\\Device\\GD32F303RC\\gd32f30x_misc.c 0x00000000   Number         0  gd32f30x_misc.o ABSOLUTE
    RTE\\Device\\GD32F303RC\\gd32f30x_pmu.c  0x00000000   Number         0  gd32f30x_pmu.o ABSOLUTE
    RTE\\Device\\GD32F303RC\\gd32f30x_rcu.c  0x00000000   Number         0  gd32f30x_rcu.o ABSOLUTE
    RTE\\Device\\GD32F303RC\\gd32f30x_timer.c 0x00000000   Number         0  gd32f30x_timer.o ABSOLUTE
    RTE\\Device\\GD32F303RC\\gd32f30x_usart.c 0x00000000   Number         0  gd32f30x_usart.o ABSOLUTE
    RTE\\Device\\GD32F303RC\\system_gd32f30x.c 0x00000000   Number         0  system_gd32f30x.o ABSOLUTE
    Source\\application_task.c               0x00000000   Number         0  application_task.o ABSOLUTE
    Source\\atc_e25.c                        0x00000000   Number         0  atc_e25.o ABSOLUTE
    Source\\gd32f30x_it.c                    0x00000000   Number         0  gd32f30x_it.o ABSOLUTE
    Source\\main.c                           0x00000000   Number         0  main.o ABSOLUTE
    Source\\systick.c                        0x00000000   Number         0  systick.o ABSOLUTE
    Source\application_task.c                0x00000000   Number         0  application_task.o ABSOLUTE
    Source\atc_e25.c                         0x00000000   Number         0  atc_e25.o ABSOLUTE
    Source\gd32f30x_it.c                     0x00000000   Number         0  gd32f30x_it.o ABSOLUTE
    Source\main.c                            0x00000000   Number         0  main.o ABSOLUTE
    Source\systick.c                         0x00000000   Number         0  systick.o ABSOLUTE
    dc.s                                     0x00000000   Number         0  dc.o ABSOLUTE
    freertos\CMSIS\RTOS2\FreeRTOS\Source\freertos_evr.c 0x00000000   Number         0  freertos_evr.o ABSOLUTE
    freertos\Source\event_groups.c           0x00000000   Number         0  event_groups.o ABSOLUTE
    freertos\Source\list.c                   0x00000000   Number         0  list.o ABSOLUTE
    freertos\Source\portable\MemMang\heap_4.c 0x00000000   Number         0  heap_4.o ABSOLUTE
    freertos\Source\portable\RVDS\ARM_CM4F\port.c 0x00000000   Number         0  port.o ABSOLUTE
    freertos\Source\queue.c                  0x00000000   Number         0  queue.o ABSOLUTE
    freertos\Source\tasks.c                  0x00000000   Number         0  tasks.o ABSOLUTE
    freertos\Source\timers.c                 0x00000000   Number         0  timers.o ABSOLUTE
    freertos\\Source\\portable\\RVDS\\ARM_CM4F\\port.c 0x00000000   Number         0  port.o ABSOLUTE
    RESET                                    0x08000000   Section      304  startup_gd32f30x_hd.o(RESET)
    !!!main                                  0x08000130   Section        8  __main.o(!!!main)
    !!!scatter                               0x08000138   Section       52  __scatter.o(!!!scatter)
    !!handler_copy                           0x0800016c   Section       26  __scatter_copy.o(!!handler_copy)
    !!handler_zi                             0x08000188   Section       28  __scatter_zi.o(!!handler_zi)
    .ARM.Collect$$_printf_percent$$00000000  0x080001a4   Section        0  _printf_percent.o(.ARM.Collect$$_printf_percent$$00000000)
    .ARM.Collect$$_printf_percent$$00000009  0x080001a4   Section        6  _printf_d.o(.ARM.Collect$$_printf_percent$$00000009)
    .ARM.Collect$$_printf_percent$$00000014  0x080001aa   Section        6  _printf_s.o(.ARM.Collect$$_printf_percent$$00000014)
    .ARM.Collect$$_printf_percent$$00000017  0x080001b0   Section        4  _printf_percent_end.o(.ARM.Collect$$_printf_percent$$00000017)
    .ARM.Collect$$libinit$$00000000          0x080001b4   Section        2  libinit.o(.ARM.Collect$$libinit$$00000000)
    .ARM.Collect$$libinit$$00000001          0x080001b6   Section        4  libinit2.o(.ARM.Collect$$libinit$$00000001)
    .ARM.Collect$$libinit$$00000004          0x080001ba   Section        0  libinit2.o(.ARM.Collect$$libinit$$00000004)
    .ARM.Collect$$libinit$$0000000A          0x080001ba   Section        0  libinit2.o(.ARM.Collect$$libinit$$0000000A)
    .ARM.Collect$$libinit$$0000000C          0x080001ba   Section        0  libinit2.o(.ARM.Collect$$libinit$$0000000C)
    .ARM.Collect$$libinit$$0000000E          0x080001ba   Section        0  libinit2.o(.ARM.Collect$$libinit$$0000000E)
    .ARM.Collect$$libinit$$00000011          0x080001ba   Section        0  libinit2.o(.ARM.Collect$$libinit$$00000011)
    .ARM.Collect$$libinit$$00000013          0x080001ba   Section        0  libinit2.o(.ARM.Collect$$libinit$$00000013)
    .ARM.Collect$$libinit$$00000015          0x080001ba   Section        0  libinit2.o(.ARM.Collect$$libinit$$00000015)
    .ARM.Collect$$libinit$$00000017          0x080001ba   Section        0  libinit2.o(.ARM.Collect$$libinit$$00000017)
    .ARM.Collect$$libinit$$00000019          0x080001ba   Section        0  libinit2.o(.ARM.Collect$$libinit$$00000019)
    .ARM.Collect$$libinit$$0000001B          0x080001ba   Section        0  libinit2.o(.ARM.Collect$$libinit$$0000001B)
    .ARM.Collect$$libinit$$0000001D          0x080001ba   Section        0  libinit2.o(.ARM.Collect$$libinit$$0000001D)
    .ARM.Collect$$libinit$$0000001F          0x080001ba   Section        0  libinit2.o(.ARM.Collect$$libinit$$0000001F)
    .ARM.Collect$$libinit$$00000021          0x080001ba   Section        0  libinit2.o(.ARM.Collect$$libinit$$00000021)
    .ARM.Collect$$libinit$$00000023          0x080001ba   Section        0  libinit2.o(.ARM.Collect$$libinit$$00000023)
    .ARM.Collect$$libinit$$00000025          0x080001ba   Section        0  libinit2.o(.ARM.Collect$$libinit$$00000025)
    .ARM.Collect$$libinit$$0000002C          0x080001ba   Section        0  libinit2.o(.ARM.Collect$$libinit$$0000002C)
    .ARM.Collect$$libinit$$0000002E          0x080001ba   Section        0  libinit2.o(.ARM.Collect$$libinit$$0000002E)
    .ARM.Collect$$libinit$$00000030          0x080001ba   Section        0  libinit2.o(.ARM.Collect$$libinit$$00000030)
    .ARM.Collect$$libinit$$00000032          0x080001ba   Section        0  libinit2.o(.ARM.Collect$$libinit$$00000032)
    .ARM.Collect$$libinit$$00000033          0x080001ba   Section        2  libinit2.o(.ARM.Collect$$libinit$$00000033)
    .ARM.Collect$$libshutdown$$00000000      0x080001bc   Section        2  libshutdown.o(.ARM.Collect$$libshutdown$$00000000)
    .ARM.Collect$$libshutdown$$00000002      0x080001be   Section        0  libshutdown2.o(.ARM.Collect$$libshutdown$$00000002)
    .ARM.Collect$$libshutdown$$00000004      0x080001be   Section        0  libshutdown2.o(.ARM.Collect$$libshutdown$$00000004)
    .ARM.Collect$$libshutdown$$00000007      0x080001be   Section        0  libshutdown2.o(.ARM.Collect$$libshutdown$$00000007)
    .ARM.Collect$$libshutdown$$0000000A      0x080001be   Section        0  libshutdown2.o(.ARM.Collect$$libshutdown$$0000000A)
    .ARM.Collect$$libshutdown$$0000000C      0x080001be   Section        0  libshutdown2.o(.ARM.Collect$$libshutdown$$0000000C)
    .ARM.Collect$$libshutdown$$0000000F      0x080001be   Section        0  libshutdown2.o(.ARM.Collect$$libshutdown$$0000000F)
    .ARM.Collect$$libshutdown$$00000010      0x080001be   Section        2  libshutdown2.o(.ARM.Collect$$libshutdown$$00000010)
    .ARM.Collect$$rtentry$$00000000          0x080001c0   Section        0  __rtentry.o(.ARM.Collect$$rtentry$$00000000)
    .ARM.Collect$$rtentry$$00000002          0x080001c0   Section        0  __rtentry2.o(.ARM.Collect$$rtentry$$00000002)
    .ARM.Collect$$rtentry$$00000004          0x080001c0   Section        6  __rtentry4.o(.ARM.Collect$$rtentry$$00000004)
    .ARM.Collect$$rtentry$$00000009          0x080001c6   Section        0  __rtentry2.o(.ARM.Collect$$rtentry$$00000009)
    .ARM.Collect$$rtentry$$0000000A          0x080001c6   Section        4  __rtentry2.o(.ARM.Collect$$rtentry$$0000000A)
    .ARM.Collect$$rtentry$$0000000C          0x080001ca   Section        0  __rtentry2.o(.ARM.Collect$$rtentry$$0000000C)
    .ARM.Collect$$rtentry$$0000000D          0x080001ca   Section        8  __rtentry2.o(.ARM.Collect$$rtentry$$0000000D)
    .ARM.Collect$$rtexit$$00000000           0x080001d2   Section        2  rtexit.o(.ARM.Collect$$rtexit$$00000000)
    .ARM.Collect$$rtexit$$00000002           0x080001d4   Section        0  rtexit2.o(.ARM.Collect$$rtexit$$00000002)
    .ARM.Collect$$rtexit$$00000003           0x080001d4   Section        4  rtexit2.o(.ARM.Collect$$rtexit$$00000003)
    .ARM.Collect$$rtexit$$00000004           0x080001d8   Section        6  rtexit2.o(.ARM.Collect$$rtexit$$00000004)
    .emb_text                                0x080001e0   Section      190  port.o(.emb_text)
    $v0                                      0x080001e0   Number         0  port.o(.emb_text)
    .text                                    0x080002a0   Section       64  startup_gd32f30x_hd.o(.text)
    $v0                                      0x080002a0   Number         0  startup_gd32f30x_hd.o(.text)
    .text                                    0x080002e0   Section        0  noretval__2sprintf.o(.text)
    .text                                    0x08000308   Section        0  __printf.o(.text)
    .text                                    0x08000370   Section        0  _printf_str.o(.text)
    .text                                    0x080003c4   Section        0  _printf_dec.o(.text)
    .text                                    0x0800043c   Section        0  strstr.o(.text)
    .text                                    0x08000460   Section        0  strlen.o(.text)
    .text                                    0x0800049e   Section      138  rt_memcpy_v6.o(.text)
    .text                                    0x08000528   Section       16  aeabi_memset.o(.text)
    .text                                    0x08000538   Section        0  heapauxi.o(.text)
    .text                                    0x0800053e   Section        0  _printf_intcommon.o(.text)
    .text                                    0x080005f0   Section        0  _printf_char_common.o(.text)
    _printf_input_char                       0x080005f1   Thumb Code    10  _printf_char_common.o(.text)
    .text                                    0x08000620   Section        0  _sputc.o(.text)
    .text                                    0x0800062a   Section        0  _printf_char.o(.text)
    .text                                    0x08000656   Section      100  rt_memcpy_w.o(.text)
    .text                                    0x080006ba   Section       68  rt_memclr.o(.text)
    .text                                    0x080006fe   Section       78  rt_memclr_w.o(.text)
    .text                                    0x0800074c   Section       74  sys_stackheap_outer.o(.text)
    .text                                    0x08000796   Section        0  exit.o(.text)
    .text                                    0x080007a8   Section        8  libspace.o(.text)
    .text                                    0x080007b0   Section        0  sys_exit.o(.text)
    .text                                    0x080007bc   Section        2  use_no_semi.o(.text)
    .text                                    0x080007be   Section        0  indicate_semi.o(.text)
    i.BusFault_Handler                       0x080007be   Section        0  gd32f30x_it.o(i.BusFault_Handler)
    i.DebugMon_Handler                       0x080007c2   Section        0  gd32f30x_it.o(i.DebugMon_Handler)
    i.HardFault_Handler                      0x080007c4   Section        0  gd32f30x_it.o(i.HardFault_Handler)
    i.HardWareInit                           0x080007c8   Section        0  main.o(i.HardWareInit)
    HardWareInit                             0x080007c9   Thumb Code    12  main.o(i.HardWareInit)
    i.MemManage_Handler                      0x080007d4   Section        0  gd32f30x_it.o(i.MemManage_Handler)
    i.NMI_Handler                            0x080007d8   Section        0  gd32f30x_it.o(i.NMI_Handler)
    i.SysTick_Handler                        0x080007dc   Section        0  port.o(i.SysTick_Handler)
    i.SystemInit                             0x08000810   Section        0  system_gd32f30x.o(i.SystemInit)
    i.UART3_IRQHandler                       0x08000860   Section        0  atc_e25.o(i.UART3_IRQHandler)
    i.UsageFault_Handler                     0x08000914   Section        0  gd32f30x_it.o(i.UsageFault_Handler)
    i.__NVIC_SetPriority                     0x08000918   Section        0  systick.o(i.__NVIC_SetPriority)
    __NVIC_SetPriority                       0x08000919   Thumb Code    32  systick.o(i.__NVIC_SetPriority)
    i.atc25_check_string                     0x08000940   Section        0  atc_e25.o(i.atc25_check_string)
    i.atc25_led_flash                        0x08000978   Section        0  atc_e25.o(i.atc25_led_flash)
    i.atc25_led_init                         0x080009f0   Section        0  atc_e25.o(i.atc25_led_init)
    i.atc25_led_off                          0x08000a3c   Section        0  atc_e25.o(i.atc25_led_off)
    i.atc25_led_on                           0x08000a88   Section        0  atc_e25.o(i.atc25_led_on)
    i.atc25_led_running                      0x08000ad4   Section        0  atc_e25.o(i.atc25_led_running)
    i.btn_task                               0x08000b9c   Section        0  application_task.o(i.btn_task)
    i.gpio_bit_reset                         0x08000d14   Section        0  gd32f30x_gpio.o(i.gpio_bit_reset)
    i.gpio_bit_set                           0x08000d18   Section        0  gd32f30x_gpio.o(i.gpio_bit_set)
    i.gpio_init                              0x08000d1c   Section        0  gd32f30x_gpio.o(i.gpio_init)
    i.gpio_input_bit_get                     0x08000dc0   Section        0  gd32f30x_gpio.o(i.gpio_input_bit_get)
    i.led_task_alarm                         0x08000dd0   Section        0  application_task.o(i.led_task_alarm)
    i.led_task_welcome                       0x08000ea4   Section        0  application_task.o(i.led_task_welcome)
    i.main                                   0x08000ee0   Section        0  main.o(i.main)
    i.neoway_connect                         0x08000f9c   Section        0  atc_e25.o(i.neoway_connect)
    i.neoway_init                            0x08000fe0   Section        0  atc_e25.o(i.neoway_init)
    i.neoway_pub                             0x08001190   Section        0  atc_e25.o(i.neoway_pub)
    i.neoway_set_param                       0x080011dc   Section        0  atc_e25.o(i.neoway_set_param)
    i.neoway_subscribe                       0x08001228   Section        0  atc_e25.o(i.neoway_subscribe)
    i.neoway_task_init                       0x0800129c   Section        0  application_task.o(i.neoway_task_init)
    i.nvic_irq_enable                        0x080012ac   Section        0  gd32f30x_misc.o(i.nvic_irq_enable)
    i.nvic_priority_group_set                0x08001370   Section        0  gd32f30x_misc.o(i.nvic_priority_group_set)
    i.prvAddCurrentTaskToDelayedList         0x08001384   Section        0  tasks.o(i.prvAddCurrentTaskToDelayedList)
    prvAddCurrentTaskToDelayedList           0x08001385   Thumb Code   164  tasks.o(i.prvAddCurrentTaskToDelayedList)
    i.prvAddNewTaskToReadyList               0x08001444   Section        0  tasks.o(i.prvAddNewTaskToReadyList)
    prvAddNewTaskToReadyList                 0x08001445   Thumb Code   206  tasks.o(i.prvAddNewTaskToReadyList)
    i.prvCheckForValidListAndQueue           0x08001530   Section        0  timers.o(i.prvCheckForValidListAndQueue)
    prvCheckForValidListAndQueue             0x08001531   Thumb Code    72  timers.o(i.prvCheckForValidListAndQueue)
    i.prvCheckTasksWaitingTermination        0x08001594   Section        0  tasks.o(i.prvCheckTasksWaitingTermination)
    prvCheckTasksWaitingTermination          0x08001595   Thumb Code    60  tasks.o(i.prvCheckTasksWaitingTermination)
    i.prvCopyDataFromQueue                   0x080015dc   Section        0  queue.o(i.prvCopyDataFromQueue)
    prvCopyDataFromQueue                     0x080015dd   Thumb Code    42  queue.o(i.prvCopyDataFromQueue)
    i.prvDeleteTCB                           0x08001606   Section        0  tasks.o(i.prvDeleteTCB)
    prvDeleteTCB                             0x08001607   Thumb Code    18  tasks.o(i.prvDeleteTCB)
    i.prvGetNextExpireTime                   0x08001618   Section        0  timers.o(i.prvGetNextExpireTime)
    prvGetNextExpireTime                     0x08001619   Thumb Code    36  timers.o(i.prvGetNextExpireTime)
    i.prvHeapInit                            0x08001640   Section        0  heap_4.o(i.prvHeapInit)
    prvHeapInit                              0x08001641   Thumb Code    98  heap_4.o(i.prvHeapInit)
    i.prvIdleTask                            0x080016bc   Section        0  tasks.o(i.prvIdleTask)
    prvIdleTask                              0x080016bd   Thumb Code    32  tasks.o(i.prvIdleTask)
    i.prvInitialiseNewQueue                  0x080016e4   Section        0  queue.o(i.prvInitialiseNewQueue)
    prvInitialiseNewQueue                    0x080016e5   Thumb Code    42  queue.o(i.prvInitialiseNewQueue)
    i.prvInitialiseNewTask                   0x0800170e   Section        0  tasks.o(i.prvInitialiseNewTask)
    prvInitialiseNewTask                     0x0800170f   Thumb Code   224  tasks.o(i.prvInitialiseNewTask)
    i.prvInitialiseTaskLists                 0x080017f0   Section        0  tasks.o(i.prvInitialiseTaskLists)
    prvInitialiseTaskLists                   0x080017f1   Thumb Code    70  tasks.o(i.prvInitialiseTaskLists)
    i.prvInsertBlockIntoFreeList             0x08001858   Section        0  heap_4.o(i.prvInsertBlockIntoFreeList)
    prvInsertBlockIntoFreeList               0x08001859   Thumb Code    96  heap_4.o(i.prvInsertBlockIntoFreeList)
    i.prvInsertTimerInActiveList             0x080018c0   Section        0  timers.o(i.prvInsertTimerInActiveList)
    prvInsertTimerInActiveList               0x080018c1   Thumb Code    80  timers.o(i.prvInsertTimerInActiveList)
    i.prvIsQueueEmpty                        0x08001918   Section        0  queue.o(i.prvIsQueueEmpty)
    prvIsQueueEmpty                          0x08001919   Thumb Code    26  queue.o(i.prvIsQueueEmpty)
    i.prvProcessExpiredTimer                 0x08001934   Section        0  timers.o(i.prvProcessExpiredTimer)
    prvProcessExpiredTimer                   0x08001935   Thumb Code    62  timers.o(i.prvProcessExpiredTimer)
    i.prvProcessReceivedCommands             0x08001978   Section        0  timers.o(i.prvProcessReceivedCommands)
    prvProcessReceivedCommands               0x08001979   Thumb Code   326  timers.o(i.prvProcessReceivedCommands)
    i.prvProcessTimerOrBlockTask             0x08001ac4   Section        0  timers.o(i.prvProcessTimerOrBlockTask)
    prvProcessTimerOrBlockTask               0x08001ac5   Thumb Code   102  timers.o(i.prvProcessTimerOrBlockTask)
    i.prvReloadTimer                         0x08001b38   Section        0  timers.o(i.prvReloadTimer)
    prvReloadTimer                           0x08001b39   Thumb Code    40  timers.o(i.prvReloadTimer)
    i.prvResetNextTaskUnblockTime            0x08001b60   Section        0  tasks.o(i.prvResetNextTaskUnblockTime)
    prvResetNextTaskUnblockTime              0x08001b61   Thumb Code    40  tasks.o(i.prvResetNextTaskUnblockTime)
    i.prvSampleTimeNow                       0x08001b90   Section        0  timers.o(i.prvSampleTimeNow)
    prvSampleTimeNow                         0x08001b91   Thumb Code    40  timers.o(i.prvSampleTimeNow)
    i.prvSwitchTimerLists                    0x08001bbc   Section        0  timers.o(i.prvSwitchTimerLists)
    prvSwitchTimerLists                      0x08001bbd   Thumb Code    58  timers.o(i.prvSwitchTimerLists)
    i.prvTaskExitError                       0x08001c00   Section        0  port.o(i.prvTaskExitError)
    prvTaskExitError                         0x08001c01   Thumb Code    60  port.o(i.prvTaskExitError)
    i.prvTimerTask                           0x08001c40   Section        0  timers.o(i.prvTimerTask)
    prvTimerTask                             0x08001c41   Thumb Code    26  timers.o(i.prvTimerTask)
    i.prvUnlockQueue                         0x08001c5a   Section        0  queue.o(i.prvUnlockQueue)
    prvUnlockQueue                           0x08001c5b   Thumb Code   126  queue.o(i.prvUnlockQueue)
    i.pvPortMalloc                           0x08001cd8   Section        0  heap_4.o(i.pvPortMalloc)
    i.pxPortInitialiseStack                  0x08001e44   Section        0  port.o(i.pxPortInitialiseStack)
    i.rcu_clock_freq_get                     0x08001e70   Section        0  gd32f30x_rcu.o(i.rcu_clock_freq_get)
    i.rcu_periph_clock_enable                0x08001fc8   Section        0  gd32f30x_rcu.o(i.rcu_periph_clock_enable)
    i.system_clock_120m_hxtal                0x08001fe8   Section        0  system_gd32f30x.o(i.system_clock_120m_hxtal)
    system_clock_120m_hxtal                  0x08001fe9   Thumb Code   256  system_gd32f30x.o(i.system_clock_120m_hxtal)
    i.system_clock_config                    0x080020f8   Section        0  system_gd32f30x.o(i.system_clock_config)
    system_clock_config                      0x080020f9   Thumb Code     8  system_gd32f30x.o(i.system_clock_config)
    i.systick_config                         0x08002100   Section        0  systick.o(i.systick_config)
    i.uart3_init                             0x08002150   Section        0  atc_e25.o(i.uart3_init)
    i.usart_baudrate_set                     0x080021c8   Section        0  gd32f30x_usart.o(i.usart_baudrate_set)
    i.usart_data_receive                     0x08002258   Section        0  gd32f30x_usart.o(i.usart_data_receive)
    i.usart_data_transmit                    0x08002262   Section        0  gd32f30x_usart.o(i.usart_data_transmit)
    i.usart_enable                           0x0800226a   Section        0  gd32f30x_usart.o(i.usart_enable)
    i.usart_flag_get                         0x08002274   Section        0  gd32f30x_usart.o(i.usart_flag_get)
    i.usart_hardware_flow_cts_config         0x08002292   Section        0  gd32f30x_usart.o(i.usart_hardware_flow_cts_config)
    i.usart_hardware_flow_rts_config         0x080022a2   Section        0  gd32f30x_usart.o(i.usart_hardware_flow_rts_config)
    i.usart_interrupt_enable                 0x080022b2   Section        0  gd32f30x_usart.o(i.usart_interrupt_enable)
    i.usart_interrupt_flag_clear             0x080022cc   Section        0  gd32f30x_usart.o(i.usart_interrupt_flag_clear)
    i.usart_interrupt_flag_get               0x080022e6   Section        0  gd32f30x_usart.o(i.usart_interrupt_flag_get)
    i.usart_parity_config                    0x0800231e   Section        0  gd32f30x_usart.o(i.usart_parity_config)
    i.usart_receive_config                   0x0800232e   Section        0  gd32f30x_usart.o(i.usart_receive_config)
    i.usart_stop_bit_set                     0x0800233e   Section        0  gd32f30x_usart.o(i.usart_stop_bit_set)
    i.usart_string_transmit                  0x0800234e   Section        0  atc_e25.o(i.usart_string_transmit)
    i.usart_transmit_config                  0x0800237e   Section        0  gd32f30x_usart.o(i.usart_transmit_config)
    i.usart_word_length_set                  0x0800238e   Section        0  gd32f30x_usart.o(i.usart_word_length_set)
    i.uxListRemove                           0x0800239e   Section        0  list.o(i.uxListRemove)
    i.vApplicationTickHook                   0x080023c8   Section        0  main.o(i.vApplicationTickHook)
    i.vListInitialise                        0x080023d8   Section        0  list.o(i.vListInitialise)
    i.vListInitialiseItem                    0x080023f2   Section        0  list.o(i.vListInitialiseItem)
    i.vListInsert                            0x080023f8   Section        0  list.o(i.vListInsert)
    i.vListInsertEnd                         0x0800242c   Section        0  list.o(i.vListInsertEnd)
    i.vPortEnterCritical                     0x08002444   Section        0  port.o(i.vPortEnterCritical)
    i.vPortExitCritical                      0x08002498   Section        0  port.o(i.vPortExitCritical)
    i.vPortFree                              0x080024d4   Section        0  heap_4.o(i.vPortFree)
    i.vPortSetupTimerInterrupt               0x08002578   Section        0  port.o(i.vPortSetupTimerInterrupt)
    i.vQueueAddToRegistry                    0x080025a0   Section        0  queue.o(i.vQueueAddToRegistry)
    i.vQueueWaitForMessageRestricted         0x08002600   Section        0  queue.o(i.vQueueWaitForMessageRestricted)
    i.vTaskDelay                             0x0800264c   Section        0  tasks.o(i.vTaskDelay)
    i.vTaskDelete                            0x080026a8   Section        0  tasks.o(i.vTaskDelete)
    i.vTaskInternalSetTimeOutState           0x080027a4   Section        0  tasks.o(i.vTaskInternalSetTimeOutState)
    i.vTaskMissedYield                       0x080027bc   Section        0  tasks.o(i.vTaskMissedYield)
    i.vTaskPlaceOnEventList                  0x080027c8   Section        0  tasks.o(i.vTaskPlaceOnEventList)
    i.vTaskPlaceOnEventListRestricted        0x08002800   Section        0  tasks.o(i.vTaskPlaceOnEventListRestricted)
    i.vTaskStartScheduler                    0x08002864   Section        0  tasks.o(i.vTaskStartScheduler)
    i.vTaskSuspendAll                        0x08002900   Section        0  tasks.o(i.vTaskSuspendAll)
    i.vTaskSwitchContext                     0x08002910   Section        0  tasks.o(i.vTaskSwitchContext)
    i.xPortStartScheduler                    0x0800299c   Section        0  port.o(i.xPortStartScheduler)
    i.xQueueGenericCreate                    0x08002b04   Section        0  queue.o(i.xQueueGenericCreate)
    i.xQueueGenericReset                     0x08002b6c   Section        0  queue.o(i.xQueueGenericReset)
    i.xQueueReceive                          0x08002c48   Section        0  queue.o(i.xQueueReceive)
    i.xTaskCheckForTimeOut                   0x08002db0   Section        0  tasks.o(i.xTaskCheckForTimeOut)
    i.xTaskCreate                            0x08002e40   Section        0  tasks.o(i.xTaskCreate)
    i.xTaskGetSchedulerState                 0x08002ea0   Section        0  tasks.o(i.xTaskGetSchedulerState)
    i.xTaskGetTickCount                      0x08002ec0   Section        0  tasks.o(i.xTaskGetTickCount)
    i.xTaskIncrementTick                     0x08002ecc   Section        0  tasks.o(i.xTaskIncrementTick)
    i.xTaskRemoveFromEventList               0x08003094   Section        0  tasks.o(i.xTaskRemoveFromEventList)
    i.xTaskResumeAll                         0x080031b4   Section        0  tasks.o(i.xTaskResumeAll)
    i.xTimerCreateTimerTask                  0x0800332c   Section        0  timers.o(i.xTimerCreateTimerTask)
    x$fpl$fpinit                             0x08003380   Section       10  fpinit.o(x$fpl$fpinit)
    $v0                                      0x08003380   Number         0  fpinit.o(x$fpl$fpinit)
    .data                                    0x20000000   Section       16  main.o(.data)
    .data                                    0x20000010   Section        2  atc_e25.o(.data)
    .data                                    0x20000014   Section       32  heap_4.o(.data)
    xStart                                   0x20000014   Data           8  heap_4.o(.data)
    pxEnd                                    0x2000001c   Data           4  heap_4.o(.data)
    xFreeBytesRemaining                      0x20000020   Data           4  heap_4.o(.data)
    xMinimumEverFreeBytesRemaining           0x20000024   Data           4  heap_4.o(.data)
    xNumberOfSuccessfulAllocations           0x20000028   Data           4  heap_4.o(.data)
    xNumberOfSuccessfulFrees                 0x2000002c   Data           4  heap_4.o(.data)
    xBlockAllocatedBit                       0x20000030   Data           4  heap_4.o(.data)
    .data                                    0x20000034   Section       12  port.o(.data)
    uxCriticalNesting                        0x20000034   Data           4  port.o(.data)
    ucMaxSysCallPriority                     0x20000038   Data           1  port.o(.data)
    ulMaxPRIGROUPValue                       0x2000003c   Data           4  port.o(.data)
    .data                                    0x20000040   Section       64  tasks.o(.data)
    pxDelayedTaskList                        0x20000044   Data           4  tasks.o(.data)
    pxOverflowDelayedTaskList                0x20000048   Data           4  tasks.o(.data)
    uxDeletedTasksWaitingCleanUp             0x2000004c   Data           4  tasks.o(.data)
    uxCurrentNumberOfTasks                   0x20000050   Data           4  tasks.o(.data)
    xTickCount                               0x20000054   Data           4  tasks.o(.data)
    uxTopReadyPriority                       0x20000058   Data           4  tasks.o(.data)
    xSchedulerRunning                        0x2000005c   Data           4  tasks.o(.data)
    xPendedTicks                             0x20000060   Data           4  tasks.o(.data)
    xYieldPending                            0x20000064   Data           4  tasks.o(.data)
    xNumOfOverflows                          0x20000068   Data           4  tasks.o(.data)
    uxTaskNumber                             0x2000006c   Data           4  tasks.o(.data)
    xNextTaskUnblockTime                     0x20000070   Data           4  tasks.o(.data)
    xIdleTaskHandle                          0x20000074   Data           4  tasks.o(.data)
    uxSchedulerSuspended                     0x2000007c   Data           4  tasks.o(.data)
    .data                                    0x20000080   Section       20  timers.o(.data)
    pxCurrentTimerList                       0x20000080   Data           4  timers.o(.data)
    pxOverflowTimerList                      0x20000084   Data           4  timers.o(.data)
    xTimerQueue                              0x20000088   Data           4  timers.o(.data)
    xTimerTaskHandle                         0x2000008c   Data           4  timers.o(.data)
    xLastTime                                0x20000090   Data           4  timers.o(.data)
    .data                                    0x20000094   Section        4  system_gd32f30x.o(.data)
    .bss                                     0x20000098   Section      200  atc_e25.o(.bss)
    .bss                                     0x20000160   Section    10240  heap_4.o(.bss)
    ucHeap                                   0x20000160   Data       10240  heap_4.o(.bss)
    .bss                                     0x20002960   Section      200  tasks.o(.bss)
    pxReadyTasksLists                        0x20002960   Data         100  tasks.o(.bss)
    xDelayedTaskList1                        0x200029c4   Data          20  tasks.o(.bss)
    xDelayedTaskList2                        0x200029d8   Data          20  tasks.o(.bss)
    xPendingReadyList                        0x200029ec   Data          20  tasks.o(.bss)
    xTasksWaitingTermination                 0x20002a00   Data          20  tasks.o(.bss)
    xSuspendedTaskList                       0x20002a14   Data          20  tasks.o(.bss)
    .bss                                     0x20002a28   Section       40  timers.o(.bss)
    xActiveTimerList1                        0x20002a28   Data          20  timers.o(.bss)
    xActiveTimerList2                        0x20002a3c   Data          20  timers.o(.bss)
    .bss                                     0x20002a50   Section       64  queue.o(.bss)
    .bss                                     0x20002a90   Section       96  libspace.o(.bss)
    HEAP                                     0x20002af0   Section     1024  startup_gd32f30x_hd.o(HEAP)
    Heap_Mem                                 0x20002af0   Data        1024  startup_gd32f30x_hd.o(HEAP)
    STACK                                    0x20002ef0   Section     1024  startup_gd32f30x_hd.o(STACK)
    Stack_Mem                                0x20002ef0   Data        1024  startup_gd32f30x_hd.o(STACK)
    __initial_sp                             0x200032f0   Data           0  startup_gd32f30x_hd.o(STACK)

    Global Symbols

    Symbol Name                              Value     Ov Type        Size  Object(Section)

    BuildAttributes$$THM_ISAv4$E$P$D$K$B$S$7EM$VFPi3$EXTD16$VFPS$VFMA$PE$A:L22UL41UL21$X:L11$S22US41US21$IEEE1$IW$USESV6$~STKCKD$USESV7$~SHL$OSPACE$ROPI$EBA8$UX$STANDARDLIB$REQ8$PRES8$EABIv2 0x00000000   Number         0  anon$$obj.o ABSOLUTE
    __ARM_use_no_argv                        0x00000000   Number         0  main.o ABSOLUTE
    __ARM_exceptions_init                     - Undefined Weak Reference
    __alloca_initialize                       - Undefined Weak Reference
    __arm_preinit_                            - Undefined Weak Reference
    __cpp_initialize__aeabi_                  - Undefined Weak Reference
    __cxa_finalize                            - Undefined Weak Reference
    __rt_locale                               - Undefined Weak Reference
    __sigvec_lookup                           - Undefined Weak Reference
    _atexit_init                              - Undefined Weak Reference
    _call_atexit_fns                          - Undefined Weak Reference
    _clock_init                               - Undefined Weak Reference
    _fp_trap_init                             - Undefined Weak Reference
    _fp_trap_shutdown                         - Undefined Weak Reference
    _get_lc_collate                           - Undefined Weak Reference
    _get_lc_ctype                             - Undefined Weak Reference
    _get_lc_monetary                          - Undefined Weak Reference
    _get_lc_numeric                           - Undefined Weak Reference
    _get_lc_time                              - Undefined Weak Reference
    _getenv_init                              - Undefined Weak Reference
    _handle_redirection                       - Undefined Weak Reference
    _init_alloc                               - Undefined Weak Reference
    _init_user_alloc                          - Undefined Weak Reference
    _initio                                   - Undefined Weak Reference
    _printf_mbtowc                            - Undefined Weak Reference
    _printf_post_padding                      - Undefined Weak Reference
    _printf_pre_padding                       - Undefined Weak Reference
    _printf_truncate_signed                   - Undefined Weak Reference
    _printf_truncate_unsigned                 - Undefined Weak Reference
    _rand_init                                - Undefined Weak Reference
    _signal_finish                            - Undefined Weak Reference
    _signal_init                              - Undefined Weak Reference
    _terminate_alloc                          - Undefined Weak Reference
    _terminate_user_alloc                     - Undefined Weak Reference
    _terminateio                              - Undefined Weak Reference
    __Vectors_Size                           0x00000130   Number         0  startup_gd32f30x_hd.o ABSOLUTE
    __Vectors                                0x08000000   Data           4  startup_gd32f30x_hd.o(RESET)
    __Vectors_End                            0x08000130   Data           0  startup_gd32f30x_hd.o(RESET)
    __main                                   0x08000131   Thumb Code     8  __main.o(!!!main)
    __scatterload                            0x08000139   Thumb Code     0  __scatter.o(!!!scatter)
    __scatterload_rt2                        0x08000139   Thumb Code    44  __scatter.o(!!!scatter)
    __scatterload_rt2_thumb_only             0x08000139   Thumb Code     0  __scatter.o(!!!scatter)
    __scatterload_null                       0x08000147   Thumb Code     0  __scatter.o(!!!scatter)
    __scatterload_copy                       0x0800016d   Thumb Code    26  __scatter_copy.o(!!handler_copy)
    __scatterload_zeroinit                   0x08000189   Thumb Code    28  __scatter_zi.o(!!handler_zi)
    _printf_d                                0x080001a5   Thumb Code     0  _printf_d.o(.ARM.Collect$$_printf_percent$$00000009)
    _printf_percent                          0x080001a5   Thumb Code     0  _printf_percent.o(.ARM.Collect$$_printf_percent$$00000000)
    _printf_s                                0x080001ab   Thumb Code     0  _printf_s.o(.ARM.Collect$$_printf_percent$$00000014)
    _printf_percent_end                      0x080001b1   Thumb Code     0  _printf_percent_end.o(.ARM.Collect$$_printf_percent$$00000017)
    __rt_lib_init                            0x080001b5   Thumb Code     0  libinit.o(.ARM.Collect$$libinit$$00000000)
    __rt_lib_init_fp_1                       0x080001b7   Thumb Code     0  libinit2.o(.ARM.Collect$$libinit$$00000001)
    __rt_lib_init_alloca_1                   0x080001bb   Thumb Code     0  libinit2.o(.ARM.Collect$$libinit$$0000002E)
    __rt_lib_init_argv_1                     0x080001bb   Thumb Code     0  libinit2.o(.ARM.Collect$$libinit$$0000002C)
    __rt_lib_init_atexit_1                   0x080001bb   Thumb Code     0  libinit2.o(.ARM.Collect$$libinit$$0000001B)
    __rt_lib_init_clock_1                    0x080001bb   Thumb Code     0  libinit2.o(.ARM.Collect$$libinit$$00000021)
    __rt_lib_init_cpp_1                      0x080001bb   Thumb Code     0  libinit2.o(.ARM.Collect$$libinit$$00000032)
    __rt_lib_init_exceptions_1               0x080001bb   Thumb Code     0  libinit2.o(.ARM.Collect$$libinit$$00000030)
    __rt_lib_init_fp_trap_1                  0x080001bb   Thumb Code     0  libinit2.o(.ARM.Collect$$libinit$$0000001F)
    __rt_lib_init_getenv_1                   0x080001bb   Thumb Code     0  libinit2.o(.ARM.Collect$$libinit$$00000023)
    __rt_lib_init_heap_1                     0x080001bb   Thumb Code     0  libinit2.o(.ARM.Collect$$libinit$$0000000A)
    __rt_lib_init_lc_collate_1               0x080001bb   Thumb Code     0  libinit2.o(.ARM.Collect$$libinit$$00000011)
    __rt_lib_init_lc_ctype_1                 0x080001bb   Thumb Code     0  libinit2.o(.ARM.Collect$$libinit$$00000013)
    __rt_lib_init_lc_monetary_1              0x080001bb   Thumb Code     0  libinit2.o(.ARM.Collect$$libinit$$00000015)
    __rt_lib_init_lc_numeric_1               0x080001bb   Thumb Code     0  libinit2.o(.ARM.Collect$$libinit$$00000017)
    __rt_lib_init_lc_time_1                  0x080001bb   Thumb Code     0  libinit2.o(.ARM.Collect$$libinit$$00000019)
    __rt_lib_init_preinit_1                  0x080001bb   Thumb Code     0  libinit2.o(.ARM.Collect$$libinit$$00000004)
    __rt_lib_init_rand_1                     0x080001bb   Thumb Code     0  libinit2.o(.ARM.Collect$$libinit$$0000000E)
    __rt_lib_init_return                     0x080001bb   Thumb Code     0  libinit2.o(.ARM.Collect$$libinit$$00000033)
    __rt_lib_init_signal_1                   0x080001bb   Thumb Code     0  libinit2.o(.ARM.Collect$$libinit$$0000001D)
    __rt_lib_init_stdio_1                    0x080001bb   Thumb Code     0  libinit2.o(.ARM.Collect$$libinit$$00000025)
    __rt_lib_init_user_alloc_1               0x080001bb   Thumb Code     0  libinit2.o(.ARM.Collect$$libinit$$0000000C)
    __rt_lib_shutdown                        0x080001bd   Thumb Code     0  libshutdown.o(.ARM.Collect$$libshutdown$$00000000)
    __rt_lib_shutdown_cpp_1                  0x080001bf   Thumb Code     0  libshutdown2.o(.ARM.Collect$$libshutdown$$00000002)
    __rt_lib_shutdown_fp_trap_1              0x080001bf   Thumb Code     0  libshutdown2.o(.ARM.Collect$$libshutdown$$00000007)
    __rt_lib_shutdown_heap_1                 0x080001bf   Thumb Code     0  libshutdown2.o(.ARM.Collect$$libshutdown$$0000000F)
    __rt_lib_shutdown_return                 0x080001bf   Thumb Code     0  libshutdown2.o(.ARM.Collect$$libshutdown$$00000010)
    __rt_lib_shutdown_signal_1               0x080001bf   Thumb Code     0  libshutdown2.o(.ARM.Collect$$libshutdown$$0000000A)
    __rt_lib_shutdown_stdio_1                0x080001bf   Thumb Code     0  libshutdown2.o(.ARM.Collect$$libshutdown$$00000004)
    __rt_lib_shutdown_user_alloc_1           0x080001bf   Thumb Code     0  libshutdown2.o(.ARM.Collect$$libshutdown$$0000000C)
    __rt_entry                               0x080001c1   Thumb Code     0  __rtentry.o(.ARM.Collect$$rtentry$$00000000)
    __rt_entry_presh_1                       0x080001c1   Thumb Code     0  __rtentry2.o(.ARM.Collect$$rtentry$$00000002)
    __rt_entry_sh                            0x080001c1   Thumb Code     0  __rtentry4.o(.ARM.Collect$$rtentry$$00000004)
    __rt_entry_li                            0x080001c7   Thumb Code     0  __rtentry2.o(.ARM.Collect$$rtentry$$0000000A)
    __rt_entry_postsh_1                      0x080001c7   Thumb Code     0  __rtentry2.o(.ARM.Collect$$rtentry$$00000009)
    __rt_entry_main                          0x080001cb   Thumb Code     0  __rtentry2.o(.ARM.Collect$$rtentry$$0000000D)
    __rt_entry_postli_1                      0x080001cb   Thumb Code     0  __rtentry2.o(.ARM.Collect$$rtentry$$0000000C)
    __rt_exit                                0x080001d3   Thumb Code     0  rtexit.o(.ARM.Collect$$rtexit$$00000000)
    __rt_exit_ls                             0x080001d5   Thumb Code     0  rtexit2.o(.ARM.Collect$$rtexit$$00000003)
    __rt_exit_prels_1                        0x080001d5   Thumb Code     0  rtexit2.o(.ARM.Collect$$rtexit$$00000002)
    __rt_exit_exit                           0x080001d9   Thumb Code     0  rtexit2.o(.ARM.Collect$$rtexit$$00000004)
    SVC_Handler                              0x080001e1   Thumb Code    28  port.o(.emb_text)
    __asm___6_port_c_39a90d8d__prvStartFirstTask 0x08000201   Thumb Code    36  port.o(.emb_text)
    __asm___6_port_c_39a90d8d__prvEnableVFP  0x08000229   Thumb Code    16  port.o(.emb_text)
    PendSV_Handler                           0x0800023d   Thumb Code    88  port.o(.emb_text)
    vPortGetIPSR                             0x08000299   Thumb Code     6  port.o(.emb_text)
    Reset_Handler                            0x080002a1   Thumb Code     8  startup_gd32f30x_hd.o(.text)
    ADC0_1_IRQHandler                        0x080002bb   Thumb Code     0  startup_gd32f30x_hd.o(.text)
    ADC2_IRQHandler                          0x080002bb   Thumb Code     0  startup_gd32f30x_hd.o(.text)
    CAN0_EWMC_IRQHandler                     0x080002bb   Thumb Code     0  startup_gd32f30x_hd.o(.text)
    CAN0_RX1_IRQHandler                      0x080002bb   Thumb Code     0  startup_gd32f30x_hd.o(.text)
    DMA0_Channel0_IRQHandler                 0x080002bb   Thumb Code     0  startup_gd32f30x_hd.o(.text)
    DMA0_Channel1_IRQHandler                 0x080002bb   Thumb Code     0  startup_gd32f30x_hd.o(.text)
    DMA0_Channel2_IRQHandler                 0x080002bb   Thumb Code     0  startup_gd32f30x_hd.o(.text)
    DMA0_Channel3_IRQHandler                 0x080002bb   Thumb Code     0  startup_gd32f30x_hd.o(.text)
    DMA0_Channel4_IRQHandler                 0x080002bb   Thumb Code     0  startup_gd32f30x_hd.o(.text)
    DMA0_Channel5_IRQHandler                 0x080002bb   Thumb Code     0  startup_gd32f30x_hd.o(.text)
    DMA0_Channel6_IRQHandler                 0x080002bb   Thumb Code     0  startup_gd32f30x_hd.o(.text)
    DMA1_Channel0_IRQHandler                 0x080002bb   Thumb Code     0  startup_gd32f30x_hd.o(.text)
    DMA1_Channel1_IRQHandler                 0x080002bb   Thumb Code     0  startup_gd32f30x_hd.o(.text)
    DMA1_Channel2_IRQHandler                 0x080002bb   Thumb Code     0  startup_gd32f30x_hd.o(.text)
    DMA1_Channel3_4_IRQHandler               0x080002bb   Thumb Code     0  startup_gd32f30x_hd.o(.text)
    EXMC_IRQHandler                          0x080002bb   Thumb Code     0  startup_gd32f30x_hd.o(.text)
    EXTI0_IRQHandler                         0x080002bb   Thumb Code     0  startup_gd32f30x_hd.o(.text)
    EXTI10_15_IRQHandler                     0x080002bb   Thumb Code     0  startup_gd32f30x_hd.o(.text)
    EXTI1_IRQHandler                         0x080002bb   Thumb Code     0  startup_gd32f30x_hd.o(.text)
    EXTI2_IRQHandler                         0x080002bb   Thumb Code     0  startup_gd32f30x_hd.o(.text)
    EXTI3_IRQHandler                         0x080002bb   Thumb Code     0  startup_gd32f30x_hd.o(.text)
    EXTI4_IRQHandler                         0x080002bb   Thumb Code     0  startup_gd32f30x_hd.o(.text)
    EXTI5_9_IRQHandler                       0x080002bb   Thumb Code     0  startup_gd32f30x_hd.o(.text)
    FMC_IRQHandler                           0x080002bb   Thumb Code     0  startup_gd32f30x_hd.o(.text)
    I2C0_ER_IRQHandler                       0x080002bb   Thumb Code     0  startup_gd32f30x_hd.o(.text)
    I2C0_EV_IRQHandler                       0x080002bb   Thumb Code     0  startup_gd32f30x_hd.o(.text)
    I2C1_ER_IRQHandler                       0x080002bb   Thumb Code     0  startup_gd32f30x_hd.o(.text)
    I2C1_EV_IRQHandler                       0x080002bb   Thumb Code     0  startup_gd32f30x_hd.o(.text)
    LVD_IRQHandler                           0x080002bb   Thumb Code     0  startup_gd32f30x_hd.o(.text)
    RCU_CTC_IRQHandler                       0x080002bb   Thumb Code     0  startup_gd32f30x_hd.o(.text)
    RTC_Alarm_IRQHandler                     0x080002bb   Thumb Code     0  startup_gd32f30x_hd.o(.text)
    RTC_IRQHandler                           0x080002bb   Thumb Code     0  startup_gd32f30x_hd.o(.text)
    SDIO_IRQHandler                          0x080002bb   Thumb Code     0  startup_gd32f30x_hd.o(.text)
    SPI0_IRQHandler                          0x080002bb   Thumb Code     0  startup_gd32f30x_hd.o(.text)
    SPI1_IRQHandler                          0x080002bb   Thumb Code     0  startup_gd32f30x_hd.o(.text)
    SPI2_IRQHandler                          0x080002bb   Thumb Code     0  startup_gd32f30x_hd.o(.text)
    TAMPER_IRQHandler                        0x080002bb   Thumb Code     0  startup_gd32f30x_hd.o(.text)
    TIMER0_BRK_IRQHandler                    0x080002bb   Thumb Code     0  startup_gd32f30x_hd.o(.text)
    TIMER0_Channel_IRQHandler                0x080002bb   Thumb Code     0  startup_gd32f30x_hd.o(.text)
    TIMER0_TRG_CMT_IRQHandler                0x080002bb   Thumb Code     0  startup_gd32f30x_hd.o(.text)
    TIMER0_UP_IRQHandler                     0x080002bb   Thumb Code     0  startup_gd32f30x_hd.o(.text)
    TIMER1_IRQHandler                        0x080002bb   Thumb Code     0  startup_gd32f30x_hd.o(.text)
    TIMER2_IRQHandler                        0x080002bb   Thumb Code     0  startup_gd32f30x_hd.o(.text)
    TIMER3_IRQHandler                        0x080002bb   Thumb Code     0  startup_gd32f30x_hd.o(.text)
    TIMER4_IRQHandler                        0x080002bb   Thumb Code     0  startup_gd32f30x_hd.o(.text)
    TIMER5_IRQHandler                        0x080002bb   Thumb Code     0  startup_gd32f30x_hd.o(.text)
    TIMER6_IRQHandler                        0x080002bb   Thumb Code     0  startup_gd32f30x_hd.o(.text)
    TIMER7_BRK_IRQHandler                    0x080002bb   Thumb Code     0  startup_gd32f30x_hd.o(.text)
    TIMER7_Channel_IRQHandler                0x080002bb   Thumb Code     0  startup_gd32f30x_hd.o(.text)
    TIMER7_TRG_CMT_IRQHandler                0x080002bb   Thumb Code     0  startup_gd32f30x_hd.o(.text)
    TIMER7_UP_IRQHandler                     0x080002bb   Thumb Code     0  startup_gd32f30x_hd.o(.text)
    UART4_IRQHandler                         0x080002bb   Thumb Code     0  startup_gd32f30x_hd.o(.text)
    USART0_IRQHandler                        0x080002bb   Thumb Code     0  startup_gd32f30x_hd.o(.text)
    USART1_IRQHandler                        0x080002bb   Thumb Code     0  startup_gd32f30x_hd.o(.text)
    USART2_IRQHandler                        0x080002bb   Thumb Code     0  startup_gd32f30x_hd.o(.text)
    USBD_HP_CAN0_TX_IRQHandler               0x080002bb   Thumb Code     0  startup_gd32f30x_hd.o(.text)
    USBD_LP_CAN0_RX0_IRQHandler              0x080002bb   Thumb Code     0  startup_gd32f30x_hd.o(.text)
    USBD_WKUP_IRQHandler                     0x080002bb   Thumb Code     0  startup_gd32f30x_hd.o(.text)
    WWDGT_IRQHandler                         0x080002bb   Thumb Code     0  startup_gd32f30x_hd.o(.text)
    __user_initial_stackheap                 0x080002bd   Thumb Code    10  startup_gd32f30x_hd.o(.text)
    __2sprintf                               0x080002e1   Thumb Code    34  noretval__2sprintf.o(.text)
    __printf                                 0x08000309   Thumb Code   104  __printf.o(.text)
    _printf_str                              0x08000371   Thumb Code    82  _printf_str.o(.text)
    _printf_int_dec                          0x080003c5   Thumb Code   104  _printf_dec.o(.text)
    strstr                                   0x0800043d   Thumb Code    36  strstr.o(.text)
    strlen                                   0x08000461   Thumb Code    62  strlen.o(.text)
    __aeabi_memcpy                           0x0800049f   Thumb Code     0  rt_memcpy_v6.o(.text)
    __rt_memcpy                              0x0800049f   Thumb Code   138  rt_memcpy_v6.o(.text)
    _memcpy_lastbytes                        0x08000505   Thumb Code     0  rt_memcpy_v6.o(.text)
    __aeabi_memset                           0x08000529   Thumb Code    16  aeabi_memset.o(.text)
    __use_two_region_memory                  0x08000539   Thumb Code     2  heapauxi.o(.text)
    __rt_heap_escrow$2region                 0x0800053b   Thumb Code     2  heapauxi.o(.text)
    __rt_heap_expand$2region                 0x0800053d   Thumb Code     2  heapauxi.o(.text)
    _printf_int_common                       0x0800053f   Thumb Code   178  _printf_intcommon.o(.text)
    _printf_char_common                      0x080005fb   Thumb Code    32  _printf_char_common.o(.text)
    _sputc                                   0x08000621   Thumb Code    10  _sputc.o(.text)
    _printf_cs_common                        0x0800062b   Thumb Code    20  _printf_char.o(.text)
    _printf_char                             0x0800063f   Thumb Code    16  _printf_char.o(.text)
    _printf_string                           0x0800064f   Thumb Code     8  _printf_char.o(.text)
    __aeabi_memcpy4                          0x08000657   Thumb Code     0  rt_memcpy_w.o(.text)
    __aeabi_memcpy8                          0x08000657   Thumb Code     0  rt_memcpy_w.o(.text)
    __rt_memcpy_w                            0x08000657   Thumb Code   100  rt_memcpy_w.o(.text)
    _memcpy_lastbytes_aligned                0x0800069f   Thumb Code     0  rt_memcpy_w.o(.text)
    __aeabi_memclr                           0x080006bb   Thumb Code     0  rt_memclr.o(.text)
    __rt_memclr                              0x080006bb   Thumb Code    68  rt_memclr.o(.text)
    _memset                                  0x080006bf   Thumb Code     0  rt_memclr.o(.text)
    __aeabi_memclr4                          0x080006ff   Thumb Code     0  rt_memclr_w.o(.text)
    __aeabi_memclr8                          0x080006ff   Thumb Code     0  rt_memclr_w.o(.text)
    __rt_memclr_w                            0x080006ff   Thumb Code    78  rt_memclr_w.o(.text)
    _memset_w                                0x08000703   Thumb Code     0  rt_memclr_w.o(.text)
    __user_setup_stackheap                   0x0800074d   Thumb Code    74  sys_stackheap_outer.o(.text)
    exit                                     0x08000797   Thumb Code    18  exit.o(.text)
    __user_libspace                          0x080007a9   Thumb Code     8  libspace.o(.text)
    __user_perproc_libspace                  0x080007a9   Thumb Code     0  libspace.o(.text)
    __user_perthread_libspace                0x080007a9   Thumb Code     0  libspace.o(.text)
    _sys_exit                                0x080007b1   Thumb Code     8  sys_exit.o(.text)
    __I$use$semihosting                      0x080007bd   Thumb Code     0  use_no_semi.o(.text)
    __use_no_semihosting_swi                 0x080007bd   Thumb Code     2  use_no_semi.o(.text)
    BusFault_Handler                         0x080007bf   Thumb Code     4  gd32f30x_it.o(i.BusFault_Handler)
    __semihosting_library_function           0x080007bf   Thumb Code     0  indicate_semi.o(.text)
    DebugMon_Handler                         0x080007c3   Thumb Code     2  gd32f30x_it.o(i.DebugMon_Handler)
    HardFault_Handler                        0x080007c5   Thumb Code     4  gd32f30x_it.o(i.HardFault_Handler)
    MemManage_Handler                        0x080007d5   Thumb Code     4  gd32f30x_it.o(i.MemManage_Handler)
    NMI_Handler                              0x080007d9   Thumb Code     2  gd32f30x_it.o(i.NMI_Handler)
    SysTick_Handler                          0x080007dd   Thumb Code    46  port.o(i.SysTick_Handler)
    SystemInit                               0x08000811   Thumb Code    66  system_gd32f30x.o(i.SystemInit)
    UART3_IRQHandler                         0x08000861   Thumb Code   154  atc_e25.o(i.UART3_IRQHandler)
    UsageFault_Handler                       0x08000915   Thumb Code     4  gd32f30x_it.o(i.UsageFault_Handler)
    atc25_check_string                       0x08000941   Thumb Code    46  atc_e25.o(i.atc25_check_string)
    atc25_led_flash                          0x08000979   Thumb Code   118  atc_e25.o(i.atc25_led_flash)
    atc25_led_init                           0x080009f1   Thumb Code    68  atc_e25.o(i.atc25_led_init)
    atc25_led_off                            0x08000a3d   Thumb Code    68  atc_e25.o(i.atc25_led_off)
    atc25_led_on                             0x08000a89   Thumb Code    68  atc_e25.o(i.atc25_led_on)
    atc25_led_running                        0x08000ad5   Thumb Code   198  atc_e25.o(i.atc25_led_running)
    btn_task                                 0x08000b9d   Thumb Code   354  application_task.o(i.btn_task)
    gpio_bit_reset                           0x08000d15   Thumb Code     4  gd32f30x_gpio.o(i.gpio_bit_reset)
    gpio_bit_set                             0x08000d19   Thumb Code     4  gd32f30x_gpio.o(i.gpio_bit_set)
    gpio_init                                0x08000d1d   Thumb Code   164  gd32f30x_gpio.o(i.gpio_init)
    gpio_input_bit_get                       0x08000dc1   Thumb Code    16  gd32f30x_gpio.o(i.gpio_input_bit_get)
    led_task_alarm                           0x08000dd1   Thumb Code   174  application_task.o(i.led_task_alarm)
    led_task_welcome                         0x08000ea5   Thumb Code    48  application_task.o(i.led_task_welcome)
    main                                     0x08000ee1   Thumb Code   102  main.o(i.main)
    neoway_connect                           0x08000f9d   Thumb Code    36  atc_e25.o(i.neoway_connect)
    neoway_init                              0x08000fe1   Thumb Code   288  atc_e25.o(i.neoway_init)
    neoway_pub                               0x08001191   Thumb Code    40  atc_e25.o(i.neoway_pub)
    neoway_set_param                         0x080011dd   Thumb Code    36  atc_e25.o(i.neoway_set_param)
    neoway_subscribe                         0x08001229   Thumb Code    64  atc_e25.o(i.neoway_subscribe)
    neoway_task_init                         0x0800129d   Thumb Code    14  application_task.o(i.neoway_task_init)
    nvic_irq_enable                          0x080012ad   Thumb Code   186  gd32f30x_misc.o(i.nvic_irq_enable)
    nvic_priority_group_set                  0x08001371   Thumb Code    10  gd32f30x_misc.o(i.nvic_priority_group_set)
    pvPortMalloc                             0x08001cd9   Thumb Code   338  heap_4.o(i.pvPortMalloc)
    pxPortInitialiseStack                    0x08001e45   Thumb Code    38  port.o(i.pxPortInitialiseStack)
    rcu_clock_freq_get                       0x08001e71   Thumb Code   310  gd32f30x_rcu.o(i.rcu_clock_freq_get)
    rcu_periph_clock_enable                  0x08001fc9   Thumb Code    28  gd32f30x_rcu.o(i.rcu_periph_clock_enable)
    systick_config                           0x08002101   Thumb Code    74  systick.o(i.systick_config)
    uart3_init                               0x08002151   Thumb Code   112  atc_e25.o(i.uart3_init)
    usart_baudrate_set                       0x080021c9   Thumb Code   136  gd32f30x_usart.o(i.usart_baudrate_set)
    usart_data_receive                       0x08002259   Thumb Code    10  gd32f30x_usart.o(i.usart_data_receive)
    usart_data_transmit                      0x08002263   Thumb Code     8  gd32f30x_usart.o(i.usart_data_transmit)
    usart_enable                             0x0800226b   Thumb Code    10  gd32f30x_usart.o(i.usart_enable)
    usart_flag_get                           0x08002275   Thumb Code    30  gd32f30x_usart.o(i.usart_flag_get)
    usart_hardware_flow_cts_config           0x08002293   Thumb Code    16  gd32f30x_usart.o(i.usart_hardware_flow_cts_config)
    usart_hardware_flow_rts_config           0x080022a3   Thumb Code    16  gd32f30x_usart.o(i.usart_hardware_flow_rts_config)
    usart_interrupt_enable                   0x080022b3   Thumb Code    26  gd32f30x_usart.o(i.usart_interrupt_enable)
    usart_interrupt_flag_clear               0x080022cd   Thumb Code    26  gd32f30x_usart.o(i.usart_interrupt_flag_clear)
    usart_interrupt_flag_get                 0x080022e7   Thumb Code    56  gd32f30x_usart.o(i.usart_interrupt_flag_get)
    usart_parity_config                      0x0800231f   Thumb Code    16  gd32f30x_usart.o(i.usart_parity_config)
    usart_receive_config                     0x0800232f   Thumb Code    16  gd32f30x_usart.o(i.usart_receive_config)
    usart_stop_bit_set                       0x0800233f   Thumb Code    16  gd32f30x_usart.o(i.usart_stop_bit_set)
    usart_string_transmit                    0x0800234f   Thumb Code    48  atc_e25.o(i.usart_string_transmit)
    usart_transmit_config                    0x0800237f   Thumb Code    16  gd32f30x_usart.o(i.usart_transmit_config)
    usart_word_length_set                    0x0800238f   Thumb Code    16  gd32f30x_usart.o(i.usart_word_length_set)
    uxListRemove                             0x0800239f   Thumb Code    40  list.o(i.uxListRemove)
    vApplicationTickHook                     0x080023c9   Thumb Code    12  main.o(i.vApplicationTickHook)
    vListInitialise                          0x080023d9   Thumb Code    26  list.o(i.vListInitialise)
    vListInitialiseItem                      0x080023f3   Thumb Code     6  list.o(i.vListInitialiseItem)
    vListInsert                              0x080023f9   Thumb Code    52  list.o(i.vListInsert)
    vListInsertEnd                           0x0800242d   Thumb Code    24  list.o(i.vListInsertEnd)
    vPortEnterCritical                       0x08002445   Thumb Code    76  port.o(i.vPortEnterCritical)
    vPortExitCritical                        0x08002499   Thumb Code    56  port.o(i.vPortExitCritical)
    vPortFree                                0x080024d5   Thumb Code   150  heap_4.o(i.vPortFree)
    vPortSetupTimerInterrupt                 0x08002579   Thumb Code    36  port.o(i.vPortSetupTimerInterrupt)
    vQueueAddToRegistry                      0x080025a1   Thumb Code    90  queue.o(i.vQueueAddToRegistry)
    vQueueWaitForMessageRestricted           0x08002601   Thumb Code    74  queue.o(i.vQueueWaitForMessageRestricted)
    vTaskDelay                               0x0800264d   Thumb Code    82  tasks.o(i.vTaskDelay)
    vTaskDelete                              0x080026a9   Thumb Code   210  tasks.o(i.vTaskDelete)
    vTaskInternalSetTimeOutState             0x080027a5   Thumb Code    14  tasks.o(i.vTaskInternalSetTimeOutState)
    vTaskMissedYield                         0x080027bd   Thumb Code     8  tasks.o(i.vTaskMissedYield)
    vTaskPlaceOnEventList                    0x080027c9   Thumb Code    52  tasks.o(i.vTaskPlaceOnEventList)
    vTaskPlaceOnEventListRestricted          0x08002801   Thumb Code    94  tasks.o(i.vTaskPlaceOnEventListRestricted)
    vTaskStartScheduler                      0x08002865   Thumb Code   122  tasks.o(i.vTaskStartScheduler)
    vTaskSuspendAll                          0x08002901   Thumb Code    12  tasks.o(i.vTaskSuspendAll)
    vTaskSwitchContext                       0x08002911   Thumb Code   118  tasks.o(i.vTaskSwitchContext)
    xPortStartScheduler                      0x0800299d   Thumb Code   330  port.o(i.xPortStartScheduler)
    xQueueGenericCreate                      0x08002b05   Thumb Code   102  queue.o(i.xQueueGenericCreate)
    xQueueGenericReset                       0x08002b6d   Thumb Code   214  queue.o(i.xQueueGenericReset)
    xQueueReceive                            0x08002c49   Thumb Code   356  queue.o(i.xQueueReceive)
    xTaskCheckForTimeOut                     0x08002db1   Thumb Code   136  tasks.o(i.xTaskCheckForTimeOut)
    xTaskCreate                              0x08002e41   Thumb Code    96  tasks.o(i.xTaskCreate)
    xTaskGetSchedulerState                   0x08002ea1   Thumb Code    24  tasks.o(i.xTaskGetSchedulerState)
    xTaskGetTickCount                        0x08002ec1   Thumb Code     6  tasks.o(i.xTaskGetTickCount)
    xTaskIncrementTick                       0x08002ecd   Thumb Code   412  tasks.o(i.xTaskIncrementTick)
    xTaskRemoveFromEventList                 0x08003095   Thumb Code   264  tasks.o(i.xTaskRemoveFromEventList)
    xTaskResumeAll                           0x080031b5   Thumb Code   338  tasks.o(i.xTaskResumeAll)
    xTimerCreateTimerTask                    0x0800332d   Thumb Code    64  timers.o(i.xTimerCreateTimerTask)
    _fp_init                                 0x08003381   Thumb Code    10  fpinit.o(x$fpl$fpinit)
    __fplib_config_fpu_vfp                   0x08003389   Thumb Code     0  fpinit.o(x$fpl$fpinit)
    __fplib_config_pureend_doubles           0x08003389   Thumb Code     0  fpinit.o(x$fpl$fpinit)
    Region$$Table$$Base                      0x0800338c   Number         0  anon$$obj.o(Region$$Table)
    Region$$Table$$Limit                     0x080033ac   Number         0  anon$$obj.o(Region$$Table)
    led_mode                                 0x20000000   Data           1  main.o(.data)
    timer_mode                               0x20000001   Data           1  main.o(.data)
    counter                                  0x20000004   Data           4  main.o(.data)
    alarm                                    0x20000008   Data           4  main.o(.data)
    tickhook_cnt                             0x2000000c   Data           4  main.o(.data)
    rcv_index                                0x20000010   Data           1  atc_e25.o(.data)
    check                                    0x20000011   Data           1  atc_e25.o(.data)
    pxCurrentTCB                             0x20000040   Data           4  tasks.o(.data)
    uxTopUsedPriority                        0x20000078   Data           4  tasks.o(.data)
    SystemCoreClock                          0x20000094   Data           4  system_gd32f30x.o(.data)
    received_data                            0x20000098   Data         100  atc_e25.o(.bss)
    received_data2                           0x200000fc   Data         100  atc_e25.o(.bss)
    xQueueRegistry                           0x20002a50   Data          64  queue.o(.bss)
    __libspace_start                         0x20002a90   Data          96  libspace.o(.bss)
    __temporary_stack_top$libspace           0x20002af0   Data           0  libspace.o(.bss)



==============================================================================

Memory Map of the image

  Image Entry point : 0x080002a1

  Load Region LR_1 (Base: 0x08000000, Size: 0x00003444, Max: 0xffffffff, ABSOLUTE)

    Execution Region ER_RO (Exec base: 0x08000000, Load base: 0x08000000, Size: 0x000033ac, Max: 0xffffffff, ABSOLUTE)

    Exec Addr    Load Addr    Size         Type   Attr      Idx    E Section Name        Object

    0x08000000   0x08000000   0x00000130   Data   RO         2912    RESET               startup_gd32f30x_hd.o
    0x08000130   0x08000130   0x00000008   Code   RO         3008  * !!!main             c_w.l(__main.o)
    0x08000138   0x08000138   0x00000034   Code   RO         3182    !!!scatter          c_w.l(__scatter.o)
    0x0800016c   0x0800016c   0x0000001a   Code   RO         3184    !!handler_copy      c_w.l(__scatter_copy.o)
    0x08000186   0x08000186   0x00000002   PAD
    0x08000188   0x08000188   0x0000001c   Code   RO         3186    !!handler_zi        c_w.l(__scatter_zi.o)
    0x080001a4   0x080001a4   0x00000000   Code   RO         2997    .ARM.Collect$$_printf_percent$$00000000  c_w.l(_printf_percent.o)
    0x080001a4   0x080001a4   0x00000006   Code   RO         2996    .ARM.Collect$$_printf_percent$$00000009  c_w.l(_printf_d.o)
    0x080001aa   0x080001aa   0x00000006   Code   RO         2995    .ARM.Collect$$_printf_percent$$00000014  c_w.l(_printf_s.o)
    0x080001b0   0x080001b0   0x00000004   Code   RO         3019    .ARM.Collect$$_printf_percent$$00000017  c_w.l(_printf_percent_end.o)
    0x080001b4   0x080001b4   0x00000002   Code   RO         3052    .ARM.Collect$$libinit$$00000000  c_w.l(libinit.o)
    0x080001b6   0x080001b6   0x00000004   Code   RO         3058    .ARM.Collect$$libinit$$00000001  c_w.l(libinit2.o)
    0x080001ba   0x080001ba   0x00000000   Code   RO         3061    .ARM.Collect$$libinit$$00000004  c_w.l(libinit2.o)
    0x080001ba   0x080001ba   0x00000000   Code   RO         3064    .ARM.Collect$$libinit$$0000000A  c_w.l(libinit2.o)
    0x080001ba   0x080001ba   0x00000000   Code   RO         3066    .ARM.Collect$$libinit$$0000000C  c_w.l(libinit2.o)
    0x080001ba   0x080001ba   0x00000000   Code   RO         3068    .ARM.Collect$$libinit$$0000000E  c_w.l(libinit2.o)
    0x080001ba   0x080001ba   0x00000000   Code   RO         3071    .ARM.Collect$$libinit$$00000011  c_w.l(libinit2.o)
    0x080001ba   0x080001ba   0x00000000   Code   RO         3073    .ARM.Collect$$libinit$$00000013  c_w.l(libinit2.o)
    0x080001ba   0x080001ba   0x00000000   Code   RO         3075    .ARM.Collect$$libinit$$00000015  c_w.l(libinit2.o)
    0x080001ba   0x080001ba   0x00000000   Code   RO         3077    .ARM.Collect$$libinit$$00000017  c_w.l(libinit2.o)
    0x080001ba   0x080001ba   0x00000000   Code   RO         3079    .ARM.Collect$$libinit$$00000019  c_w.l(libinit2.o)
    0x080001ba   0x080001ba   0x00000000   Code   RO         3081    .ARM.Collect$$libinit$$0000001B  c_w.l(libinit2.o)
    0x080001ba   0x080001ba   0x00000000   Code   RO         3083    .ARM.Collect$$libinit$$0000001D  c_w.l(libinit2.o)
    0x080001ba   0x080001ba   0x00000000   Code   RO         3085    .ARM.Collect$$libinit$$0000001F  c_w.l(libinit2.o)
    0x080001ba   0x080001ba   0x00000000   Code   RO         3087    .ARM.Collect$$libinit$$00000021  c_w.l(libinit2.o)
    0x080001ba   0x080001ba   0x00000000   Code   RO         3089    .ARM.Collect$$libinit$$00000023  c_w.l(libinit2.o)
    0x080001ba   0x080001ba   0x00000000   Code   RO         3091    .ARM.Collect$$libinit$$00000025  c_w.l(libinit2.o)
    0x080001ba   0x080001ba   0x00000000   Code   RO         3095    .ARM.Collect$$libinit$$0000002C  c_w.l(libinit2.o)
    0x080001ba   0x080001ba   0x00000000   Code   RO         3097    .ARM.Collect$$libinit$$0000002E  c_w.l(libinit2.o)
    0x080001ba   0x080001ba   0x00000000   Code   RO         3099    .ARM.Collect$$libinit$$00000030  c_w.l(libinit2.o)
    0x080001ba   0x080001ba   0x00000000   Code   RO         3101    .ARM.Collect$$libinit$$00000032  c_w.l(libinit2.o)
    0x080001ba   0x080001ba   0x00000002   Code   RO         3102    .ARM.Collect$$libinit$$00000033  c_w.l(libinit2.o)
    0x080001bc   0x080001bc   0x00000002   Code   RO         3122    .ARM.Collect$$libshutdown$$00000000  c_w.l(libshutdown.o)
    0x080001be   0x080001be   0x00000000   Code   RO         3135    .ARM.Collect$$libshutdown$$00000002  c_w.l(libshutdown2.o)
    0x080001be   0x080001be   0x00000000   Code   RO         3137    .ARM.Collect$$libshutdown$$00000004  c_w.l(libshutdown2.o)
    0x080001be   0x080001be   0x00000000   Code   RO         3140    .ARM.Collect$$libshutdown$$00000007  c_w.l(libshutdown2.o)
    0x080001be   0x080001be   0x00000000   Code   RO         3143    .ARM.Collect$$libshutdown$$0000000A  c_w.l(libshutdown2.o)
    0x080001be   0x080001be   0x00000000   Code   RO         3145    .ARM.Collect$$libshutdown$$0000000C  c_w.l(libshutdown2.o)
    0x080001be   0x080001be   0x00000000   Code   RO         3148    .ARM.Collect$$libshutdown$$0000000F  c_w.l(libshutdown2.o)
    0x080001be   0x080001be   0x00000002   Code   RO         3149    .ARM.Collect$$libshutdown$$00000010  c_w.l(libshutdown2.o)
    0x080001c0   0x080001c0   0x00000000   Code   RO         3010    .ARM.Collect$$rtentry$$00000000  c_w.l(__rtentry.o)
    0x080001c0   0x080001c0   0x00000000   Code   RO         3025    .ARM.Collect$$rtentry$$00000002  c_w.l(__rtentry2.o)
    0x080001c0   0x080001c0   0x00000006   Code   RO         3037    .ARM.Collect$$rtentry$$00000004  c_w.l(__rtentry4.o)
    0x080001c6   0x080001c6   0x00000000   Code   RO         3027    .ARM.Collect$$rtentry$$00000009  c_w.l(__rtentry2.o)
    0x080001c6   0x080001c6   0x00000004   Code   RO         3028    .ARM.Collect$$rtentry$$0000000A  c_w.l(__rtentry2.o)
    0x080001ca   0x080001ca   0x00000000   Code   RO         3030    .ARM.Collect$$rtentry$$0000000C  c_w.l(__rtentry2.o)
    0x080001ca   0x080001ca   0x00000008   Code   RO         3031    .ARM.Collect$$rtentry$$0000000D  c_w.l(__rtentry2.o)
    0x080001d2   0x080001d2   0x00000002   Code   RO         3056    .ARM.Collect$$rtexit$$00000000  c_w.l(rtexit.o)
    0x080001d4   0x080001d4   0x00000000   Code   RO         3104    .ARM.Collect$$rtexit$$00000002  c_w.l(rtexit2.o)
    0x080001d4   0x080001d4   0x00000004   Code   RO         3105    .ARM.Collect$$rtexit$$00000003  c_w.l(rtexit2.o)
    0x080001d8   0x080001d8   0x00000006   Code   RO         3106    .ARM.Collect$$rtexit$$00000004  c_w.l(rtexit2.o)
    0x080001de   0x080001de   0x00000002   PAD
    0x080001e0   0x080001e0   0x000000be   Code   RO          681    .emb_text           port.o
    0x0800029e   0x0800029e   0x00000002   PAD
    0x080002a0   0x080002a0   0x00000040   Code   RO         2913  * .text               startup_gd32f30x_hd.o
    0x080002e0   0x080002e0   0x00000028   Code   RO         2967    .text               c_w.l(noretval__2sprintf.o)
    0x08000308   0x08000308   0x00000068   Code   RO         2969    .text               c_w.l(__printf.o)
    0x08000370   0x08000370   0x00000052   Code   RO         2971    .text               c_w.l(_printf_str.o)
    0x080003c2   0x080003c2   0x00000002   PAD
    0x080003c4   0x080003c4   0x00000078   Code   RO         2973    .text               c_w.l(_printf_dec.o)
    0x0800043c   0x0800043c   0x00000024   Code   RO         2998    .text               c_w.l(strstr.o)
    0x08000460   0x08000460   0x0000003e   Code   RO         3000    .text               c_w.l(strlen.o)
    0x0800049e   0x0800049e   0x0000008a   Code   RO         3002    .text               c_w.l(rt_memcpy_v6.o)
    0x08000528   0x08000528   0x00000010   Code   RO         3004    .text               c_w.l(aeabi_memset.o)
    0x08000538   0x08000538   0x00000006   Code   RO         3006    .text               c_w.l(heapauxi.o)
    0x0800053e   0x0800053e   0x000000b2   Code   RO         3011    .text               c_w.l(_printf_intcommon.o)
    0x080005f0   0x080005f0   0x00000030   Code   RO         3013    .text               c_w.l(_printf_char_common.o)
    0x08000620   0x08000620   0x0000000a   Code   RO         3015    .text               c_w.l(_sputc.o)
    0x0800062a   0x0800062a   0x0000002c   Code   RO         3017    .text               c_w.l(_printf_char.o)
    0x08000656   0x08000656   0x00000064   Code   RO         3020    .text               c_w.l(rt_memcpy_w.o)
    0x080006ba   0x080006ba   0x00000044   Code   RO         3022    .text               c_w.l(rt_memclr.o)
    0x080006fe   0x080006fe   0x0000004e   Code   RO         3041    .text               c_w.l(rt_memclr_w.o)
    0x0800074c   0x0800074c   0x0000004a   Code   RO         3043    .text               c_w.l(sys_stackheap_outer.o)
    0x08000796   0x08000796   0x00000012   Code   RO         3045    .text               c_w.l(exit.o)
    0x080007a8   0x080007a8   0x00000008   Code   RO         3053    .text               c_w.l(libspace.o)
    0x080007b0   0x080007b0   0x0000000c   Code   RO         3114    .text               c_w.l(sys_exit.o)
    0x080007bc   0x080007bc   0x00000002   Code   RO         3125    .text               c_w.l(use_no_semi.o)
    0x080007be   0x080007be   0x00000000   Code   RO         3127    .text               c_w.l(indicate_semi.o)
    0x080007be   0x080007be   0x00000004   Code   RO          155    i.BusFault_Handler  gd32f30x_it.o
    0x080007c2   0x080007c2   0x00000002   Code   RO          156    i.DebugMon_Handler  gd32f30x_it.o
    0x080007c4   0x080007c4   0x00000004   Code   RO          157    i.HardFault_Handler  gd32f30x_it.o
    0x080007c8   0x080007c8   0x0000000c   Code   RO            4    i.HardWareInit      main.o
    0x080007d4   0x080007d4   0x00000004   Code   RO          158    i.MemManage_Handler  gd32f30x_it.o
    0x080007d8   0x080007d8   0x00000002   Code   RO          159    i.NMI_Handler       gd32f30x_it.o
    0x080007da   0x080007da   0x00000002   PAD
    0x080007dc   0x080007dc   0x00000034   Code   RO          682    i.SysTick_Handler   port.o
    0x08000810   0x08000810   0x00000050   Code   RO         2921    i.SystemInit        system_gd32f30x.o
    0x08000860   0x08000860   0x000000b4   Code   RO          213    i.UART3_IRQHandler  atc_e25.o
    0x08000914   0x08000914   0x00000004   Code   RO          160    i.UsageFault_Handler  gd32f30x_it.o
    0x08000918   0x08000918   0x00000028   Code   RO          347    i.__NVIC_SetPriority  systick.o
    0x08000940   0x08000940   0x00000038   Code   RO          216    i.atc25_check_string  atc_e25.o
    0x08000978   0x08000978   0x00000076   Code   RO          217    i.atc25_led_flash   atc_e25.o
    0x080009ee   0x080009ee   0x00000002   PAD
    0x080009f0   0x080009f0   0x0000004c   Code   RO          218    i.atc25_led_init    atc_e25.o
    0x08000a3c   0x08000a3c   0x0000004c   Code   RO          219    i.atc25_led_off     atc_e25.o
    0x08000a88   0x08000a88   0x0000004c   Code   RO          220    i.atc25_led_on      atc_e25.o
    0x08000ad4   0x08000ad4   0x000000c6   Code   RO          221    i.atc25_led_running  atc_e25.o
    0x08000b9a   0x08000b9a   0x00000002   PAD
    0x08000b9c   0x08000b9c   0x00000178   Code   RO          394    i.btn_task          application_task.o
    0x08000d14   0x08000d14   0x00000004   Code   RO         1594    i.gpio_bit_reset    gd32f30x_gpio.o
    0x08000d18   0x08000d18   0x00000004   Code   RO         1595    i.gpio_bit_set      gd32f30x_gpio.o
    0x08000d1c   0x08000d1c   0x000000a4   Code   RO         1604    i.gpio_init         gd32f30x_gpio.o
    0x08000dc0   0x08000dc0   0x00000010   Code   RO         1605    i.gpio_input_bit_get  gd32f30x_gpio.o
    0x08000dd0   0x08000dd0   0x000000d4   Code   RO          395    i.led_task_alarm    application_task.o
    0x08000ea4   0x08000ea4   0x0000003c   Code   RO          396    i.led_task_welcome  application_task.o
    0x08000ee0   0x08000ee0   0x000000bc   Code   RO            5    i.main              main.o
    0x08000f9c   0x08000f9c   0x00000044   Code   RO          222    i.neoway_connect    atc_e25.o
    0x08000fe0   0x08000fe0   0x000001b0   Code   RO          223    i.neoway_init       atc_e25.o
    0x08001190   0x08001190   0x0000004c   Code   RO          224    i.neoway_pub        atc_e25.o
    0x080011dc   0x080011dc   0x0000004c   Code   RO          225    i.neoway_set_param  atc_e25.o
    0x08001228   0x08001228   0x00000074   Code   RO          226    i.neoway_subscribe  atc_e25.o
    0x0800129c   0x0800129c   0x0000000e   Code   RO          397    i.neoway_task_init  application_task.o
    0x080012aa   0x080012aa   0x00000002   PAD
    0x080012ac   0x080012ac   0x000000c4   Code   RO         1726    i.nvic_irq_enable   gd32f30x_misc.o
    0x08001370   0x08001370   0x00000014   Code   RO         1727    i.nvic_priority_group_set  gd32f30x_misc.o
    0x08001384   0x08001384   0x000000c0   Code   RO          760    i.prvAddCurrentTaskToDelayedList  tasks.o
    0x08001444   0x08001444   0x000000ec   Code   RO          761    i.prvAddNewTaskToReadyList  tasks.o
    0x08001530   0x08001530   0x00000064   Code   RO         1124    i.prvCheckForValidListAndQueue  timers.o
    0x08001594   0x08001594   0x00000048   Code   RO          762    i.prvCheckTasksWaitingTermination  tasks.o
    0x080015dc   0x080015dc   0x0000002a   Code   RO         1287    i.prvCopyDataFromQueue  queue.o
    0x08001606   0x08001606   0x00000012   Code   RO          763    i.prvDeleteTCB      tasks.o
    0x08001618   0x08001618   0x00000028   Code   RO         1125    i.prvGetNextExpireTime  timers.o
    0x08001640   0x08001640   0x0000007c   Code   RO          614    i.prvHeapInit       heap_4.o
    0x080016bc   0x080016bc   0x00000028   Code   RO          764    i.prvIdleTask       tasks.o
    0x080016e4   0x080016e4   0x0000002a   Code   RO         1291    i.prvInitialiseNewQueue  queue.o
    0x0800170e   0x0800170e   0x000000e0   Code   RO          765    i.prvInitialiseNewTask  tasks.o
    0x080017ee   0x080017ee   0x00000002   PAD
    0x080017f0   0x080017f0   0x00000068   Code   RO          766    i.prvInitialiseTaskLists  tasks.o
    0x08001858   0x08001858   0x00000068   Code   RO          615    i.prvInsertBlockIntoFreeList  heap_4.o
    0x080018c0   0x080018c0   0x00000058   Code   RO         1127    i.prvInsertTimerInActiveList  timers.o
    0x08001918   0x08001918   0x0000001a   Code   RO         1292    i.prvIsQueueEmpty   queue.o
    0x08001932   0x08001932   0x00000002   PAD
    0x08001934   0x08001934   0x00000044   Code   RO         1128    i.prvProcessExpiredTimer  timers.o
    0x08001978   0x08001978   0x0000014c   Code   RO         1129    i.prvProcessReceivedCommands  timers.o
    0x08001ac4   0x08001ac4   0x00000074   Code   RO         1130    i.prvProcessTimerOrBlockTask  timers.o
    0x08001b38   0x08001b38   0x00000028   Code   RO         1131    i.prvReloadTimer    timers.o
    0x08001b60   0x08001b60   0x00000030   Code   RO          768    i.prvResetNextTaskUnblockTime  tasks.o
    0x08001b90   0x08001b90   0x0000002c   Code   RO         1132    i.prvSampleTimeNow  timers.o
    0x08001bbc   0x08001bbc   0x00000044   Code   RO         1133    i.prvSwitchTimerLists  timers.o
    0x08001c00   0x08001c00   0x00000040   Code   RO          683    i.prvTaskExitError  port.o
    0x08001c40   0x08001c40   0x0000001a   Code   RO         1134    i.prvTimerTask      timers.o
    0x08001c5a   0x08001c5a   0x0000007e   Code   RO         1294    i.prvUnlockQueue    queue.o
    0x08001cd8   0x08001cd8   0x0000016c   Code   RO          616    i.pvPortMalloc      heap_4.o
    0x08001e44   0x08001e44   0x0000002c   Code   RO          684    i.pxPortInitialiseStack  port.o
    0x08001e70   0x08001e70   0x00000158   Code   RO         1932    i.rcu_clock_freq_get  gd32f30x_rcu.o
    0x08001fc8   0x08001fc8   0x00000020   Code   RO         1950    i.rcu_periph_clock_enable  gd32f30x_rcu.o
    0x08001fe8   0x08001fe8   0x00000110   Code   RO         2922    i.system_clock_120m_hxtal  system_gd32f30x.o
    0x080020f8   0x080020f8   0x00000008   Code   RO         2923    i.system_clock_config  system_gd32f30x.o
    0x08002100   0x08002100   0x00000050   Code   RO          350    i.systick_config    systick.o
    0x08002150   0x08002150   0x00000078   Code   RO          227    i.uart3_init        atc_e25.o
    0x080021c8   0x080021c8   0x00000090   Code   RO         2596    i.usart_baudrate_set  gd32f30x_usart.o
    0x08002258   0x08002258   0x0000000a   Code   RO         2599    i.usart_data_receive  gd32f30x_usart.o
    0x08002262   0x08002262   0x00000008   Code   RO         2600    i.usart_data_transmit  gd32f30x_usart.o
    0x0800226a   0x0800226a   0x0000000a   Code   RO         2605    i.usart_enable      gd32f30x_usart.o
    0x08002274   0x08002274   0x0000001e   Code   RO         2607    i.usart_flag_get    gd32f30x_usart.o
    0x08002292   0x08002292   0x00000010   Code   RO         2611    i.usart_hardware_flow_cts_config  gd32f30x_usart.o
    0x080022a2   0x080022a2   0x00000010   Code   RO         2612    i.usart_hardware_flow_rts_config  gd32f30x_usart.o
    0x080022b2   0x080022b2   0x0000001a   Code   RO         2614    i.usart_interrupt_enable  gd32f30x_usart.o
    0x080022cc   0x080022cc   0x0000001a   Code   RO         2615    i.usart_interrupt_flag_clear  gd32f30x_usart.o
    0x080022e6   0x080022e6   0x00000038   Code   RO         2616    i.usart_interrupt_flag_get  gd32f30x_usart.o
    0x0800231e   0x0800231e   0x00000010   Code   RO         2627    i.usart_parity_config  gd32f30x_usart.o
    0x0800232e   0x0800232e   0x00000010   Code   RO         2629    i.usart_receive_config  gd32f30x_usart.o
    0x0800233e   0x0800233e   0x00000010   Code   RO         2639    i.usart_stop_bit_set  gd32f30x_usart.o
    0x0800234e   0x0800234e   0x00000030   Code   RO          228    i.usart_string_transmit  atc_e25.o
    0x0800237e   0x0800237e   0x00000010   Code   RO         2643    i.usart_transmit_config  gd32f30x_usart.o
    0x0800238e   0x0800238e   0x00000010   Code   RO         2644    i.usart_word_length_set  gd32f30x_usart.o
    0x0800239e   0x0800239e   0x00000028   Code   RO          575    i.uxListRemove      list.o
    0x080023c6   0x080023c6   0x00000002   PAD
    0x080023c8   0x080023c8   0x00000010   Code   RO            6    i.vApplicationTickHook  main.o
    0x080023d8   0x080023d8   0x0000001a   Code   RO          576    i.vListInitialise   list.o
    0x080023f2   0x080023f2   0x00000006   Code   RO          577    i.vListInitialiseItem  list.o
    0x080023f8   0x080023f8   0x00000034   Code   RO          578    i.vListInsert       list.o
    0x0800242c   0x0800242c   0x00000018   Code   RO          579    i.vListInsertEnd    list.o
    0x08002444   0x08002444   0x00000054   Code   RO          686    i.vPortEnterCritical  port.o
    0x08002498   0x08002498   0x0000003c   Code   RO          687    i.vPortExitCritical  port.o
    0x080024d4   0x080024d4   0x000000a4   Code   RO          617    i.vPortFree         heap_4.o
    0x08002578   0x08002578   0x00000028   Code   RO          688    i.vPortSetupTimerInterrupt  port.o
    0x080025a0   0x080025a0   0x00000060   Code   RO         1300    i.vQueueAddToRegistry  queue.o
    0x08002600   0x08002600   0x0000004a   Code   RO         1304    i.vQueueWaitForMessageRestricted  queue.o
    0x0800264a   0x0800264a   0x00000002   PAD
    0x0800264c   0x0800264c   0x0000005c   Code   RO          780    i.vTaskDelay        tasks.o
    0x080026a8   0x080026a8   0x000000fc   Code   RO          781    i.vTaskDelete       tasks.o
    0x080027a4   0x080027a4   0x00000018   Code   RO          785    i.vTaskInternalSetTimeOutState  tasks.o
    0x080027bc   0x080027bc   0x0000000c   Code   RO          786    i.vTaskMissedYield  tasks.o
    0x080027c8   0x080027c8   0x00000038   Code   RO          787    i.vTaskPlaceOnEventList  tasks.o
    0x08002800   0x08002800   0x00000064   Code   RO          788    i.vTaskPlaceOnEventListRestricted  tasks.o
    0x08002864   0x08002864   0x0000009c   Code   RO          796    i.vTaskStartScheduler  tasks.o
    0x08002900   0x08002900   0x00000010   Code   RO          798    i.vTaskSuspendAll   tasks.o
    0x08002910   0x08002910   0x0000008c   Code   RO          799    i.vTaskSwitchContext  tasks.o
    0x0800299c   0x0800299c   0x00000168   Code   RO          690    i.xPortStartScheduler  port.o
    0x08002b04   0x08002b04   0x00000066   Code   RO         1307    i.xQueueGenericCreate  queue.o
    0x08002b6a   0x08002b6a   0x00000002   PAD
    0x08002b6c   0x08002b6c   0x000000dc   Code   RO         1308    i.xQueueGenericReset  queue.o
    0x08002c48   0x08002c48   0x00000168   Code   RO         1317    i.xQueueReceive     queue.o
    0x08002db0   0x08002db0   0x00000090   Code   RO          801    i.xTaskCheckForTimeOut  tasks.o
    0x08002e40   0x08002e40   0x00000060   Code   RO          802    i.xTaskCreate       tasks.o
    0x08002ea0   0x08002ea0   0x00000020   Code   RO          809    i.xTaskGetSchedulerState  tasks.o
    0x08002ec0   0x08002ec0   0x0000000c   Code   RO          810    i.xTaskGetTickCount  tasks.o
    0x08002ecc   0x08002ecc   0x000001c8   Code   RO          812    i.xTaskIncrementTick  tasks.o
    0x08003094   0x08003094   0x00000120   Code   RO          815    i.xTaskRemoveFromEventList  tasks.o
    0x080031b4   0x080031b4   0x00000178   Code   RO          816    i.xTaskResumeAll    tasks.o
    0x0800332c   0x0800332c   0x00000054   Code   RO         1142    i.xTimerCreateTimerTask  timers.o
    0x08003380   0x08003380   0x0000000a   Code   RO         3112    x$fpl$fpinit        fz_wm.l(fpinit.o)
    0x0800338a   0x0800338a   0x00000002   PAD
    0x0800338c   0x0800338c   0x00000020   Data   RO         3180    Region$$Table       anon$$obj.o


    Execution Region ER_RW (Exec base: 0x20000000, Load base: 0x080033ac, Size: 0x00000098, Max: 0xffffffff, ABSOLUTE)

    Exec Addr    Load Addr    Size         Type   Attr      Idx    E Section Name        Object

    0x20000000   0x080033ac   0x00000010   Data   RW            7    .data               main.o
    0x20000010   0x080033bc   0x00000002   Data   RW          230    .data               atc_e25.o
    0x20000012   0x080033be   0x00000002   PAD
    0x20000014   0x080033c0   0x00000020   Data   RW          623    .data               heap_4.o
    0x20000034   0x080033e0   0x0000000c   Data   RW          691    .data               port.o
    0x20000040   0x080033ec   0x00000040   Data   RW          819    .data               tasks.o
    0x20000080   0x0800342c   0x00000014   Data   RW         1151    .data               timers.o
    0x20000094   0x08003440   0x00000004   Data   RW         2924    .data               system_gd32f30x.o


    Execution Region ER_ZI (Exec base: 0x20000098, Load base: 0x08003444, Size: 0x00003258, Max: 0xffffffff, ABSOLUTE)

    Exec Addr    Load Addr    Size         Type   Attr      Idx    E Section Name        Object

    0x20000098        -       0x000000c8   Zero   RW          229    .bss                atc_e25.o
    0x20000160        -       0x00002800   Zero   RW          622    .bss                heap_4.o
    0x20002960        -       0x000000c8   Zero   RW          818    .bss                tasks.o
    0x20002a28        -       0x00000028   Zero   RW         1150    .bss                timers.o
    0x20002a50        -       0x00000040   Zero   RW         1321    .bss                queue.o
    0x20002a90        -       0x00000060   Zero   RW         3054    .bss                c_w.l(libspace.o)
    0x20002af0        -       0x00000400   Zero   RW         2911    HEAP                startup_gd32f30x_hd.o
    0x20002ef0        -       0x00000400   Zero   RW         2910    STACK               startup_gd32f30x_hd.o


==============================================================================

Image component sizes


      Code (inc. data)   RO Data    RW Data    ZI Data      Debug   Object Name

       662         84          0          0          0       2594   application_task.o
      1716        372          0          2        200      10684   atc_e25.o
         0          0          0          0          0      14836   event_groups.o
       188          0          0          0          0       2845   gd32f30x_gpio.o
        20          0          0          0          0       3057   gd32f30x_it.o
       216         20          0          0          0       1512   gd32f30x_misc.o
       376         38          0          0          0       1923   gd32f30x_rcu.o
       422          8          0          0          0      10229   gd32f30x_usart.o
       756         74          0         32      10240      17131   heap_4.o
       148          0          0          0          0       3618   list.o
       216         90          0         16          0      46343   main.o
       894         78          0         12          0      11424   port.o
      1088         16          0          0         64      12415   queue.o
        64         26        304          0       2048        960   startup_gd32f30x_hd.o
       360         30          0          4          0       2119   system_gd32f30x.o
       120         14          0          0          0      31388   systick.o
      3186        384          0         64        200      29480   tasks.o
      1006        110          0         20         40      12200   timers.o

    ----------------------------------------------------------------------
     11458       1344        336        152      12792     214758   Object Totals
         0          0         32          0          0          0   (incl. Generated)
        20          0          0          2          0          0   (incl. Padding)

    ----------------------------------------------------------------------

      Code (inc. data)   RO Data    RW Data    ZI Data      Debug   Library Member Name

         8          0          0          0          0         68   __main.o
       104          0          0          0          0         84   __printf.o
         0          0          0          0          0          0   __rtentry.o
        12          0          0          0          0          0   __rtentry2.o
         6          0          0          0          0          0   __rtentry4.o
        52          8          0          0          0          0   __scatter.o
        26          0          0          0          0          0   __scatter_copy.o
        28          0          0          0          0          0   __scatter_zi.o
        44          0          0          0          0        108   _printf_char.o
        48          6          0          0          0         96   _printf_char_common.o
         6          0          0          0          0          0   _printf_d.o
       120         16          0          0          0         92   _printf_dec.o
       178          0          0          0          0         88   _printf_intcommon.o
         0          0          0          0          0          0   _printf_percent.o
         4          0          0          0          0          0   _printf_percent_end.o
         6          0          0          0          0          0   _printf_s.o
        82          0          0          0          0         80   _printf_str.o
        10          0          0          0          0         68   _sputc.o
        16          0          0          0          0         68   aeabi_memset.o
        18          0          0          0          0         80   exit.o
         6          0          0          0          0        152   heapauxi.o
         0          0          0          0          0          0   indicate_semi.o
         2          0          0          0          0          0   libinit.o
         6          0          0          0          0          0   libinit2.o
         2          0          0          0          0          0   libshutdown.o
         2          0          0          0          0          0   libshutdown2.o
         8          4          0          0         96         68   libspace.o
        40          6          0          0          0         84   noretval__2sprintf.o
        68          0          0          0          0         68   rt_memclr.o
        78          0          0          0          0         80   rt_memclr_w.o
       138          0          0          0          0         68   rt_memcpy_v6.o
       100          0          0          0          0         80   rt_memcpy_w.o
         2          0          0          0          0          0   rtexit.o
        10          0          0          0          0          0   rtexit2.o
        62          0          0          0          0         76   strlen.o
        36          0          0          0          0         80   strstr.o
        12          4          0          0          0         68   sys_exit.o
        74          0          0          0          0         80   sys_stackheap_outer.o
         2          0          0          0          0         68   use_no_semi.o
        10          0          0          0          0        116   fpinit.o

    ----------------------------------------------------------------------
      1434         44          0          0         96       1920   Library Totals
         8          0          0          0          0          0   (incl. Padding)

    ----------------------------------------------------------------------

      Code (inc. data)   RO Data    RW Data    ZI Data      Debug   Library Name

      1416         44          0          0         96       1804   c_w.l
        10          0          0          0          0        116   fz_wm.l

    ----------------------------------------------------------------------
      1434         44          0          0         96       1920   Library Totals

    ----------------------------------------------------------------------

==============================================================================


      Code (inc. data)   RO Data    RW Data    ZI Data      Debug   

     12892       1388        336        152      12888     204642   Grand Totals
     12892       1388        336        152      12888     204642   ELF Image Totals
     12892       1388        336        152          0          0   ROM Totals

==============================================================================

    Total RO  Size (Code + RO Data)                13228 (  12.92kB)
    Total RW  Size (RW Data + ZI Data)             13040 (  12.73kB)
    Total ROM Size (Code + RO Data + RW Data)      13380 (  13.07kB)

==============================================================================

